// Jest Snapshot v1, https://goo.gl/fbAQLP

exports[`View tests render component 1`] = `
<div>
  <div
    class="sc-dmctIk bhkReJ"
  >
    <div
      data-testid="fn-game-item"
    >
      <h2>
        TRIAL
      </h2>
      <div
        class="sc-bBABsx dUtqQl"
      >
        <img
          class="sc-kgTSHT cOXSoe"
          src="trial_mode.jpg"
        />
        <span
          class="sc-iveFHk hwZLcM"
          id="1"
          name="TRIAL"
        />
        <span
          class="sc-iveFHk ihMfXg"
          id="2"
          name="TRIAL"
        />
        <span
          class="sc-iveFHk dyWYud"
          id="3"
          name="TRIAL"
        />
        <span
          class="sc-iveFHk doamAl"
          id="4"
          name="TRIAL"
        />
      </div>
    </div>
    <div
      data-testid="fn-game-item"
    >
      <h2>
        SEEKER
      </h2>
      <div
        class="sc-bBABsx dUtqQl"
      >
        <img
          class="sc-kgTSHT cOXSoe"
          src="seeker_mode.jpg"
        />
        <span
          class="sc-iveFHk ZNbqd"
          id="1"
          name="SEEKER"
        />
        <span
          class="sc-iveFHk ZNbqd"
          id="2"
          name="SEEKER"
        />
        <span
          class="sc-iveFHk ZNbqd"
          id="3"
          name="SEEKER"
        />
        <span
          class="sc-iveFHk ZNbqd"
          id="4"
          name="SEEKER"
        />
      </div>
    </div>
  </div>
  <div
    class="sc-fLcnxK iGPkiX"
  >
    <label>
      Difficulty
    </label>
    <div
      class="sc-hBxehG fsdLeU"
    >
      <input
        class="sc-fnGiBr hwCGdJ"
        data-testid="fn-toogle-button"
        id="difficulty"
        type="checkbox"
      />
      <label
        class="sc-fEXmlR ccJzPd"
        for="difficulty"
      >
        <div
          class="sc-bjfHbI eqszNL"
        >
          <div
            class="sc-idXgbr gxGckC"
          >
            ★
          </div>
          <div
            class="sc-dIfARi lfcJaa"
          >
            ★
          </div>
        </div>
        <div
          class="sc-hHTYSt kBoZNk"
        />
      </label>
    </div>
  </div>
  <div
    class="sc-eDWCr kzwVnX"
  >
    <button
      class="sc-bqWxrE gTDXbS"
    >
      PLAY
    </button>
  </div>
</div>
`;
