// Jest Snapshot v1, https://goo.gl/fbAQLP

exports[`View tests render component 1`] = `
<div>
  <div
    class="sc-kgTSHT fvwsQa"
  >
    <div
      data-testid="fn-game-item"
    >
      <h2>
        TRIAL
      </h2>
      <div
        class="sc-iveFHk eBkrvq"
        data-testid="fn-game-item-image"
      >
        <img
          class="sc-fLcnxK cStYTH"
          src="trial_mode.jpg"
        />
        <span
          class="sc-cwSeag jCEuv"
          id="1"
          name="TRIAL"
        />
        <span
          class="sc-cwSeag cTkRIz"
          id="2"
          name="TRIAL"
        />
        <span
          class="sc-cwSeag bpLBwa"
          id="3"
          name="TRIAL"
        />
        <span
          class="sc-cwSeag hFFlHe"
          id="4"
          name="TRIAL"
        />
      </div>
    </div>
    <div
      data-testid="fn-game-item"
    >
      <h2>
        SEEKER
      </h2>
      <div
        class="sc-iveFHk eBkrvq"
        data-testid="fn-game-item-image"
      >
        <img
          class="sc-fLcnxK cStYTH"
          src="seeker_mode.jpg"
        />
        <span
          class="sc-cwSeag iIpXK"
          id="1"
          name="SEEKER"
        />
        <span
          class="sc-cwSeag iIpXK"
          id="2"
          name="SEEKER"
        />
        <span
          class="sc-cwSeag iIpXK"
          id="3"
          name="SEEKER"
        />
        <span
          class="sc-cwSeag iIpXK"
          id="4"
          name="SEEKER"
        />
      </div>
    </div>
  </div>
  <div
    class="sc-bBABsx cFbJdH"
  >
    <label>
      Difficulty
    </label>
    <div
      class="sc-fnGiBr bewMmq"
    >
      <input
        class="sc-fEXmlR juFwuX"
        data-testid="fn-toogle-button"
        id="difficulty"
        type="checkbox"
      />
      <label
        class="sc-bjfHbI khjLuc"
        for="difficulty"
      >
        <div
          class="sc-idXgbr fUmjgg"
        >
          <div
            class="sc-dIfARi bHlDfd"
          >
            ★
          </div>
          <div
            class="sc-hHTYSt jUTRMd"
          >
            ★
          </div>
        </div>
        <div
          class="sc-dmctIk WOGAO"
        />
      </label>
    </div>
  </div>
  <div
    class="sc-bqWxrE SooPv"
  >
    <button
      class="sc-ksBlkl eSPyWQ"
    >
      PLAY
    </button>
  </div>
</div>
`;
