// Jest Snapshot v1, https://goo.gl/fbAQLP

exports[`Controller tests render component 1`] = `
<div>
  <div
    class="sc-bcXHqe gkqtbX"
  >
    <div
      class="sc-hBxehG gsRNjy"
    >
      00 : 30
    </div>
    <div
      class="sc-gswNZR cDelEv"
    >
      <div
        class="sc-dkrFOg hUHXsd"
      >
        <div
          class="sc-hLBbgP PBcJN"
        >
          <div
            class="sc-eDvSVe cfNigk"
            data-testid="fn-cell-blank"
          >
            <img
              class="sc-jSUZER kEdNSD"
              src="blank.png"
            />
          </div>
          <div
            class="sc-eDvSVe cfNigk"
            data-testid="fn-cell-blank"
          >
            <img
              class="sc-jSUZER kEdNSD"
              src="blank.png"
            />
          </div>
          <div
            class="sc-eDvSVe cfNigk"
            data-testid="fn-cell-blank"
          >
            <img
              class="sc-jSUZER kEdNSD"
              src="blank.png"
            />
          </div>
          <div
            class="sc-eDvSVe cfNigk"
            data-testid="fn-cell-blank"
          >
            <img
              class="sc-jSUZER kEdNSD"
              src="blank.png"
            />
          </div>
          <div
            class="sc-eDvSVe cfNigk"
            data-testid="fn-cell-blank"
          >
            <img
              class="sc-jSUZER kEdNSD"
              src="blank.png"
            />
          </div>
          <div
            class="sc-eDvSVe cfNigk"
            data-testid="fn-cell-blank"
          >
            <img
              class="sc-jSUZER kEdNSD"
              src="blank.png"
            />
          </div>
          <div
            class="sc-eDvSVe cfNigk"
            data-testid="fn-cell-blank"
          >
            <img
              class="sc-jSUZER kEdNSD"
              src="blank.png"
            />
          </div>
          <div
            class="sc-eDvSVe cfNigk"
            data-testid="fn-cell-blank"
          >
            <img
              class="sc-jSUZER kEdNSD"
              src="blank.png"
            />
          </div>
          <div
            class="sc-eDvSVe cfNigk"
            data-testid="fn-cell-blank"
          >
            <img
              class="sc-jSUZER kEdNSD"
              src="blank.png"
            />
          </div>
        </div>
        <div
          class="sc-hLBbgP PBcJN"
        >
          <div
            class="sc-eDvSVe cfNigk"
            data-testid="fn-cell-blank"
          >
            <img
              class="sc-jSUZER kEdNSD"
              src="blank.png"
            />
          </div>
          <div
            class="sc-eDvSVe cfNigk"
            data-testid="fn-cell-blank"
          >
            <img
              class="sc-jSUZER kEdNSD"
              src="blank.png"
            />
          </div>
          <div
            class="sc-eDvSVe cfNigk"
            data-testid="fn-cell-blank"
          >
            <img
              class="sc-jSUZER kEdNSD"
              src="blank.png"
            />
          </div>
          <div
            class="sc-eDvSVe cfNigk"
            data-testid="fn-cell-blank"
          >
            <img
              class="sc-jSUZER kEdNSD"
              src="blank.png"
            />
          </div>
          <div
            class="sc-eDvSVe cfNigk"
            data-testid="fn-cell-blank"
          >
            <img
              class="sc-jSUZER kEdNSD"
              src="blank.png"
            />
          </div>
          <div
            class="sc-eDvSVe cfNigk"
            data-testid="fn-cell-blank"
          >
            <img
              class="sc-jSUZER kEdNSD"
              src="blank.png"
            />
          </div>
          <div
            class="sc-eDvSVe cfNigk"
            data-testid="fn-cell-blank"
          >
            <img
              class="sc-jSUZER kEdNSD"
              src="blank.png"
            />
          </div>
          <div
            class="sc-eDvSVe cfNigk"
            data-testid="fn-cell-blank"
          >
            <img
              class="sc-jSUZER kEdNSD"
              src="blank.png"
            />
          </div>
          <div
            class="sc-eDvSVe cfNigk"
            data-testid="fn-cell-blank"
          >
            <img
              class="sc-jSUZER kEdNSD"
              src="blank.png"
            />
          </div>
        </div>
        <div
          class="sc-hLBbgP PBcJN"
        >
          <div
            class="sc-eDvSVe cfNigk"
            data-testid="fn-cell-blank"
          >
            <img
              class="sc-jSUZER kEdNSD"
              src="blank.png"
            />
          </div>
          <div
            class="sc-eDvSVe cfNigk"
            data-testid="fn-cell-blank"
          >
            <img
              class="sc-jSUZER kEdNSD"
              src="blank.png"
            />
          </div>
          <div
            class="sc-eDvSVe cfNigk"
            data-testid="fn-cell-blank"
          >
            <img
              class="sc-jSUZER kEdNSD"
              src="blank.png"
            />
          </div>
          <div
            class="sc-eDvSVe cfNigk"
            data-testid="fn-cell-blank"
          >
            <img
              class="sc-jSUZER kEdNSD"
              src="blank.png"
            />
          </div>
          <div
            class="sc-eDvSVe cfNigk"
            data-testid="fn-cell-blank"
          >
            <img
              class="sc-jSUZER kEdNSD"
              src="blank.png"
            />
          </div>
          <div
            class="sc-eDvSVe cfNigk"
            data-testid="fn-cell-blank"
          >
            <img
              class="sc-jSUZER kEdNSD"
              src="blank.png"
            />
          </div>
          <div
            class="sc-eDvSVe cfNigk"
            data-testid="fn-cell-blank"
          >
            <img
              class="sc-jSUZER kEdNSD"
              src="blank.png"
            />
          </div>
          <div
            class="sc-eDvSVe cfNigk"
            data-testid="fn-cell-blank"
          >
            <img
              class="sc-jSUZER kEdNSD"
              src="blank.png"
            />
          </div>
          <div
            class="sc-eDvSVe cfNigk"
            data-testid="fn-cell-blank"
          >
            <img
              class="sc-jSUZER kEdNSD"
              src="blank.png"
            />
          </div>
        </div>
        <div
          class="sc-hLBbgP PBcJN"
        >
          <div
            class="sc-eDvSVe cfNigk"
            data-testid="fn-cell-blank"
          >
            <img
              class="sc-jSUZER kEdNSD"
              src="blank.png"
            />
          </div>
          <div
            class="sc-eDvSVe cfNigk"
            data-testid="fn-cell-blank"
          >
            <img
              class="sc-jSUZER kEdNSD"
              src="blank.png"
            />
          </div>
          <div
            class="sc-eDvSVe cfNigk"
            data-testid="fn-cell-blank"
          >
            <img
              class="sc-jSUZER kEdNSD"
              src="blank.png"
            />
          </div>
          <div
            class="sc-eDvSVe cfNigk"
            data-testid="fn-cell-blank"
          >
            <img
              class="sc-jSUZER kEdNSD"
              src="blank.png"
            />
          </div>
          <div
            class="sc-eDvSVe cfNigk"
            data-testid="fn-cell-duna"
          >
            <img
              class="sc-jSUZER gxnBHs"
              src="duna.jpg"
            />
          </div>
          <div
            class="sc-eDvSVe cfNigk"
            data-testid="fn-cell-blank"
          >
            <img
              class="sc-jSUZER kEdNSD"
              src="blank.png"
            />
          </div>
          <div
            class="sc-eDvSVe cfNigk"
            data-testid="fn-cell-blank"
          >
            <img
              class="sc-jSUZER kEdNSD"
              src="blank.png"
            />
          </div>
          <div
            class="sc-eDvSVe cfNigk"
            data-testid="fn-cell-blank"
          >
            <img
              class="sc-jSUZER kEdNSD"
              src="blank.png"
            />
          </div>
          <div
            class="sc-eDvSVe cfNigk"
            data-testid="fn-cell-blank"
          >
            <img
              class="sc-jSUZER kEdNSD"
              src="blank.png"
            />
          </div>
        </div>
        <div
          class="sc-hLBbgP PBcJN"
        >
          <div
            class="sc-eDvSVe cfNigk"
            data-testid="fn-cell-blank"
          >
            <img
              class="sc-jSUZER kEdNSD"
              src="blank.png"
            />
          </div>
          <div
            class="sc-eDvSVe cfNigk"
            data-testid="fn-cell-blank"
          >
            <img
              class="sc-jSUZER kEdNSD"
              src="blank.png"
            />
          </div>
          <div
            class="sc-eDvSVe cfNigk"
            data-testid="fn-cell-blank"
          >
            <img
              class="sc-jSUZER kEdNSD"
              src="blank.png"
            />
          </div>
          <div
            class="sc-eDvSVe cfNigk"
            data-testid="fn-cell-blank"
          >
            <img
              class="sc-jSUZER kEdNSD"
              src="blank.png"
            />
          </div>
          <div
            class="sc-eDvSVe cfNigk"
            data-testid="fn-cell-blank"
          >
            <img
              class="sc-jSUZER kEdNSD"
              src="blank.png"
            />
          </div>
          <div
            class="sc-eDvSVe cfNigk"
            data-testid="fn-cell-blank"
          >
            <img
              class="sc-jSUZER kEdNSD"
              src="blank.png"
            />
          </div>
          <div
            class="sc-eDvSVe cfNigk"
            data-testid="fn-cell-blank"
          >
            <img
              class="sc-jSUZER kEdNSD"
              src="blank.png"
            />
          </div>
          <div
            class="sc-eDvSVe cfNigk"
            data-testid="fn-cell-blank"
          >
            <img
              class="sc-jSUZER kEdNSD"
              src="blank.png"
            />
          </div>
          <div
            class="sc-eDvSVe cfNigk"
            data-testid="fn-cell-blank"
          >
            <img
              class="sc-jSUZER kEdNSD"
              src="blank.png"
            />
          </div>
        </div>
        <div
          class="sc-hLBbgP PBcJN"
        >
          <div
            class="sc-eDvSVe cfNigk"
            data-testid="fn-cell-blank"
          >
            <img
              class="sc-jSUZER kEdNSD"
              src="blank.png"
            />
          </div>
          <div
            class="sc-eDvSVe cfNigk"
            data-testid="fn-cell-blank"
          >
            <img
              class="sc-jSUZER kEdNSD"
              src="blank.png"
            />
          </div>
          <div
            class="sc-eDvSVe cfNigk"
            data-testid="fn-cell-blank"
          >
            <img
              class="sc-jSUZER kEdNSD"
              src="blank.png"
            />
          </div>
          <div
            class="sc-eDvSVe cfNigk"
            data-testid="fn-cell-blank"
          >
            <img
              class="sc-jSUZER kEdNSD"
              src="blank.png"
            />
          </div>
          <div
            class="sc-eDvSVe cfNigk"
            data-testid="fn-cell-blank"
          >
            <img
              class="sc-jSUZER kEdNSD"
              src="blank.png"
            />
          </div>
          <div
            class="sc-eDvSVe cfNigk"
            data-testid="fn-cell-blank"
          >
            <img
              class="sc-jSUZER kEdNSD"
              src="blank.png"
            />
          </div>
          <div
            class="sc-eDvSVe cfNigk"
            data-testid="fn-cell-blank"
          >
            <img
              class="sc-jSUZER kEdNSD"
              src="blank.png"
            />
          </div>
          <div
            class="sc-eDvSVe cfNigk"
            data-testid="fn-cell-blank"
          >
            <img
              class="sc-jSUZER kEdNSD"
              src="blank.png"
            />
          </div>
          <div
            class="sc-eDvSVe cfNigk"
            data-testid="fn-cell-blank"
          >
            <img
              class="sc-jSUZER kEdNSD"
              src="blank.png"
            />
          </div>
        </div>
        <div
          class="sc-hLBbgP PBcJN"
        >
          <div
            class="sc-eDvSVe cfNigk"
            data-testid="fn-cell-blank"
          >
            <img
              class="sc-jSUZER kEdNSD"
              src="blank.png"
            />
          </div>
          <div
            class="sc-eDvSVe cfNigk"
            data-testid="fn-cell-blank"
          >
            <img
              class="sc-jSUZER kEdNSD"
              src="blank.png"
            />
          </div>
          <div
            class="sc-eDvSVe cfNigk"
            data-testid="fn-cell-blank"
          >
            <img
              class="sc-jSUZER kEdNSD"
              src="blank.png"
            />
          </div>
          <div
            class="sc-eDvSVe cfNigk"
            data-testid="fn-cell-blank"
          >
            <img
              class="sc-jSUZER kEdNSD"
              src="blank.png"
            />
          </div>
          <div
            class="sc-eDvSVe cfNigk"
            data-testid="fn-cell-blank"
          >
            <img
              class="sc-jSUZER kEdNSD"
              src="blank.png"
            />
          </div>
          <div
            class="sc-eDvSVe cfNigk"
            data-testid="fn-cell-blank"
          >
            <img
              class="sc-jSUZER kEdNSD"
              src="blank.png"
            />
          </div>
          <div
            class="sc-eDvSVe cfNigk"
            data-testid="fn-cell-blank"
          >
            <img
              class="sc-jSUZER kEdNSD"
              src="blank.png"
            />
          </div>
          <div
            class="sc-eDvSVe cfNigk"
            data-testid="fn-cell-blank"
          >
            <img
              class="sc-jSUZER kEdNSD"
              src="blank.png"
            />
          </div>
          <div
            class="sc-eDvSVe cfNigk"
            data-testid="fn-cell-blank"
          >
            <img
              class="sc-jSUZER kEdNSD"
              src="blank.png"
            />
          </div>
        </div>
        <div
          class="sc-hLBbgP PBcJN"
        >
          <div
            class="sc-eDvSVe cfNigk"
            data-testid="fn-cell-blank"
          >
            <img
              class="sc-jSUZER kEdNSD"
              src="blank.png"
            />
          </div>
          <div
            class="sc-eDvSVe cfNigk"
            data-testid="fn-cell-blank"
          >
            <img
              class="sc-jSUZER kEdNSD"
              src="blank.png"
            />
          </div>
          <div
            class="sc-eDvSVe cfNigk"
            data-testid="fn-cell-blank"
          >
            <img
              class="sc-jSUZER kEdNSD"
              src="blank.png"
            />
          </div>
          <div
            class="sc-eDvSVe cfNigk"
            data-testid="fn-cell-blank"
          >
            <img
              class="sc-jSUZER kEdNSD"
              src="blank.png"
            />
          </div>
          <div
            class="sc-eDvSVe cfNigk"
            data-testid="fn-cell-blank"
          >
            <img
              class="sc-jSUZER kEdNSD"
              src="blank.png"
            />
          </div>
          <div
            class="sc-eDvSVe cfNigk"
            data-testid="fn-cell-blank"
          >
            <img
              class="sc-jSUZER kEdNSD"
              src="blank.png"
            />
          </div>
          <div
            class="sc-eDvSVe cfNigk"
            data-testid="fn-cell-blank"
          >
            <img
              class="sc-jSUZER kEdNSD"
              src="blank.png"
            />
          </div>
          <div
            class="sc-eDvSVe cfNigk"
            data-testid="fn-cell-blank"
          >
            <img
              class="sc-jSUZER kEdNSD"
              src="blank.png"
            />
          </div>
          <div
            class="sc-eDvSVe cfNigk"
            data-testid="fn-cell-blank"
          >
            <img
              class="sc-jSUZER kEdNSD"
              src="blank.png"
            />
          </div>
        </div>
        <div
          class="sc-hLBbgP PBcJN"
        >
          <div
            class="sc-eDvSVe cfNigk"
            data-testid="fn-cell-blank"
          >
            <img
              class="sc-jSUZER kEdNSD"
              src="blank.png"
            />
          </div>
          <div
            class="sc-eDvSVe cfNigk"
            data-testid="fn-cell-blank"
          >
            <img
              class="sc-jSUZER kEdNSD"
              src="blank.png"
            />
          </div>
          <div
            class="sc-eDvSVe cfNigk"
            data-testid="fn-cell-blank"
          >
            <img
              class="sc-jSUZER kEdNSD"
              src="blank.png"
            />
          </div>
          <div
            class="sc-eDvSVe cfNigk"
            data-testid="fn-cell-blank"
          >
            <img
              class="sc-jSUZER kEdNSD"
              src="blank.png"
            />
          </div>
          <div
            class="sc-eDvSVe cfNigk"
            data-testid="fn-cell-blank"
          >
            <img
              class="sc-jSUZER kEdNSD"
              src="blank.png"
            />
          </div>
          <div
            class="sc-eDvSVe cfNigk"
            data-testid="fn-cell-blank"
          >
            <img
              class="sc-jSUZER kEdNSD"
              src="blank.png"
            />
          </div>
          <div
            class="sc-eDvSVe cfNigk"
            data-testid="fn-cell-blank"
          >
            <img
              class="sc-jSUZER kEdNSD"
              src="blank.png"
            />
          </div>
          <div
            class="sc-eDvSVe cfNigk"
            data-testid="fn-cell-blank"
          >
            <img
              class="sc-jSUZER kEdNSD"
              src="blank.png"
            />
          </div>
          <div
            class="sc-eDvSVe cfNigk"
            data-testid="fn-cell-blank"
          >
            <img
              class="sc-jSUZER kEdNSD"
              src="blank.png"
            />
          </div>
        </div>
      </div>
      <div
        class="sc-gKPRtg jjoEDq"
      >
        <button
          class="sc-iBYQkv leMqTJ"
          data-testid="fn-controls-button-up"
        >
          <div
            class="sc-ftTHYK jJeftt"
          />
        </button>
        <button
          class="sc-iBYQkv ibTONz"
          data-testid="fn-controls-button-down"
        >
          <div
            class="sc-ftTHYK guqlcN"
          />
        </button>
        <button
          class="sc-iBYQkv cCmrZb"
          data-testid="fn-controls-button-left"
        >
          <div
            class="sc-ftTHYK dqyuwh"
          />
        </button>
        <button
          class="sc-iBYQkv eyjLfm"
          data-testid="fn-controls-button-right"
        >
          <div
            class="sc-ftTHYK fBFusx"
          />
        </button>
        <div
          class="sc-jrcTuL kKWJWa"
        >
          <div
            class="sc-pyfCe gVlojz"
            data-testid="fn-controls-bark"
          />
        </div>
      </div>
    </div>
  </div>
</div>
`;
