// Jest Snapshot v1, https://goo.gl/fbAQLP

exports[`Model tests render component [SEEKER] 1`] = `
<div>
  <div
    class="sc-bcXHqe gkqtbX"
  >
    <div
      class="sc-gswNZR cDelEv"
    >
      <div
        class="sc-dkrFOg hUHXsd"
      >
        <tr>
          <td
            class="sc-hLBbgP hIhZhQ"
          >
            <img
              class="sc-eDvSVe epBgfN"
              src="seeker.jpg"
            />
          </td>
          <td
            class="sc-hLBbgP hIhZhQ"
          >
            <img
              class="sc-eDvSVe epBgfN"
              src="pizza.png"
            />
          </td>
          <td
            class="sc-hLBbgP hIhZhQ"
          >
            <img
              class="sc-eDvSVe epBgfN"
              src="pizza.png"
            />
          </td>
          <td
            class="sc-hLBbgP hIhZhQ"
          >
            <img
              class="sc-eDvSVe epBgfN"
              src="pizza.png"
            />
          </td>
          <td
            class="sc-hLBbgP hIhZhQ"
          >
            <img
              class="sc-eDvSVe epBgfN"
              src="pizza.png"
            />
          </td>
          <td
            class="sc-hLBbgP hIhZhQ"
          >
            <img
              class="sc-eDvSVe epBgfN"
              src="pizza.png"
            />
          </td>
          <td
            class="sc-hLBbgP hIhZhQ"
          >
            <img
              class="sc-eDvSVe epBgfN"
              src="pizza.png"
            />
          </td>
          <td
            class="sc-hLBbgP hIhZhQ"
          >
            <img
              class="sc-eDvSVe epBgfN"
              src="pizza.png"
            />
          </td>
          <td
            class="sc-hLBbgP hIhZhQ"
          >
            <img
              class="sc-eDvSVe epBgfN"
              src="pizza.png"
            />
          </td>
        </tr>
        <tr>
          <td
            class="sc-hLBbgP hIhZhQ"
          >
            <img
              class="sc-eDvSVe epBgfN"
              src="pizza.png"
            />
          </td>
          <td
            class="sc-hLBbgP hIhZhQ"
          >
            <img
              class="sc-eDvSVe epBgfN"
              src="obstacle.jpg"
            />
          </td>
          <td
            class="sc-hLBbgP hIhZhQ"
          >
            <img
              class="sc-eDvSVe epBgfN"
              src="pizza.png"
            />
          </td>
          <td
            class="sc-hLBbgP hIhZhQ"
          >
            <img
              class="sc-eDvSVe epBgfN"
              src="obstacle.jpg"
            />
          </td>
          <td
            class="sc-hLBbgP hIhZhQ"
          >
            <img
              class="sc-eDvSVe epBgfN"
              src="pizza.png"
            />
          </td>
          <td
            class="sc-hLBbgP hIhZhQ"
          >
            <img
              class="sc-eDvSVe epBgfN"
              src="obstacle.jpg"
            />
          </td>
          <td
            class="sc-hLBbgP hIhZhQ"
          >
            <img
              class="sc-eDvSVe epBgfN"
              src="pizza.png"
            />
          </td>
          <td
            class="sc-hLBbgP hIhZhQ"
          >
            <img
              class="sc-eDvSVe epBgfN"
              src="obstacle.jpg"
            />
          </td>
          <td
            class="sc-hLBbgP hIhZhQ"
          >
            <img
              class="sc-eDvSVe epBgfN"
              src="pizza.png"
            />
          </td>
        </tr>
        <tr>
          <td
            class="sc-hLBbgP hIhZhQ"
          >
            <img
              class="sc-eDvSVe epBgfN"
              src="pizza.png"
            />
          </td>
          <td
            class="sc-hLBbgP hIhZhQ"
          >
            <img
              class="sc-eDvSVe epBgfN"
              src="pizza.png"
            />
          </td>
          <td
            class="sc-hLBbgP hIhZhQ"
          >
            <img
              class="sc-eDvSVe epBgfN"
              src="pizza.png"
            />
          </td>
          <td
            class="sc-hLBbgP hIhZhQ"
          >
            <img
              class="sc-eDvSVe epBgfN"
              src="pizza.png"
            />
          </td>
          <td
            class="sc-hLBbgP hIhZhQ"
          >
            <img
              class="sc-eDvSVe epBgfN"
              src="pizza.png"
            />
          </td>
          <td
            class="sc-hLBbgP hIhZhQ"
          >
            <img
              class="sc-eDvSVe epBgfN"
              src="pizza.png"
            />
          </td>
          <td
            class="sc-hLBbgP hIhZhQ"
          >
            <img
              class="sc-eDvSVe epBgfN"
              src="pizza.png"
            />
          </td>
          <td
            class="sc-hLBbgP hIhZhQ"
          >
            <img
              class="sc-eDvSVe epBgfN"
              src="pizza.png"
            />
          </td>
          <td
            class="sc-hLBbgP hIhZhQ"
          >
            <img
              class="sc-eDvSVe epBgfN"
              src="pizza.png"
            />
          </td>
        </tr>
        <tr>
          <td
            class="sc-hLBbgP hIhZhQ"
          >
            <img
              class="sc-eDvSVe epBgfN"
              src="pizza.png"
            />
          </td>
          <td
            class="sc-hLBbgP hIhZhQ"
          >
            <img
              class="sc-eDvSVe epBgfN"
              src="obstacle.jpg"
            />
          </td>
          <td
            class="sc-hLBbgP hIhZhQ"
          >
            <img
              class="sc-eDvSVe epBgfN"
              src="pizza.png"
            />
          </td>
          <td
            class="sc-hLBbgP hIhZhQ"
          >
            <img
              class="sc-eDvSVe epBgfN"
              src="obstacle.jpg"
            />
          </td>
          <td
            class="sc-hLBbgP hIhZhQ"
          >
            <img
              class="sc-eDvSVe epBgfN"
              src="pizza.png"
            />
          </td>
          <td
            class="sc-hLBbgP hIhZhQ"
          >
            <img
              class="sc-eDvSVe epBgfN"
              src="obstacle.jpg"
            />
          </td>
          <td
            class="sc-hLBbgP hIhZhQ"
          >
            <img
              class="sc-eDvSVe epBgfN"
              src="pizza.png"
            />
          </td>
          <td
            class="sc-hLBbgP hIhZhQ"
          >
            <img
              class="sc-eDvSVe epBgfN"
              src="obstacle.jpg"
            />
          </td>
          <td
            class="sc-hLBbgP hIhZhQ"
          >
            <img
              class="sc-eDvSVe epBgfN"
              src="pizza.png"
            />
          </td>
        </tr>
        <tr>
          <td
            class="sc-hLBbgP hIhZhQ"
          >
            <img
              class="sc-eDvSVe epBgfN"
              src="pizza.png"
            />
          </td>
          <td
            class="sc-hLBbgP hIhZhQ"
          >
            <img
              class="sc-eDvSVe epBgfN"
              src="pizza.png"
            />
          </td>
          <td
            class="sc-hLBbgP hIhZhQ"
          >
            <img
              class="sc-eDvSVe epBgfN"
              src="pizza.png"
            />
          </td>
          <td
            class="sc-hLBbgP hIhZhQ"
          >
            <img
              class="sc-eDvSVe epBgfN"
              src="pizza.png"
            />
          </td>
          <td
            class="sc-hLBbgP hIhZhQ"
          >
            <img
              class="sc-eDvSVe bnTpRO"
              src="duna.jpg"
            />
          </td>
          <td
            class="sc-hLBbgP hIhZhQ"
          >
            <img
              class="sc-eDvSVe epBgfN"
              src="pizza.png"
            />
          </td>
          <td
            class="sc-hLBbgP hIhZhQ"
          >
            <img
              class="sc-eDvSVe epBgfN"
              src="pizza.png"
            />
          </td>
          <td
            class="sc-hLBbgP hIhZhQ"
          >
            <img
              class="sc-eDvSVe epBgfN"
              src="pizza.png"
            />
          </td>
          <td
            class="sc-hLBbgP hIhZhQ"
          >
            <img
              class="sc-eDvSVe epBgfN"
              src="pizza.png"
            />
          </td>
        </tr>
        <tr>
          <td
            class="sc-hLBbgP hIhZhQ"
          >
            <img
              class="sc-eDvSVe epBgfN"
              src="pizza.png"
            />
          </td>
          <td
            class="sc-hLBbgP hIhZhQ"
          >
            <img
              class="sc-eDvSVe epBgfN"
              src="obstacle.jpg"
            />
          </td>
          <td
            class="sc-hLBbgP hIhZhQ"
          >
            <img
              class="sc-eDvSVe epBgfN"
              src="pizza.png"
            />
          </td>
          <td
            class="sc-hLBbgP hIhZhQ"
          >
            <img
              class="sc-eDvSVe epBgfN"
              src="obstacle.jpg"
            />
          </td>
          <td
            class="sc-hLBbgP hIhZhQ"
          >
            <img
              class="sc-eDvSVe epBgfN"
              src="pizza.png"
            />
          </td>
          <td
            class="sc-hLBbgP hIhZhQ"
          >
            <img
              class="sc-eDvSVe epBgfN"
              src="obstacle.jpg"
            />
          </td>
          <td
            class="sc-hLBbgP hIhZhQ"
          >
            <img
              class="sc-eDvSVe epBgfN"
              src="pizza.png"
            />
          </td>
          <td
            class="sc-hLBbgP hIhZhQ"
          >
            <img
              class="sc-eDvSVe epBgfN"
              src="obstacle.jpg"
            />
          </td>
          <td
            class="sc-hLBbgP hIhZhQ"
          >
            <img
              class="sc-eDvSVe epBgfN"
              src="pizza.png"
            />
          </td>
        </tr>
        <tr>
          <td
            class="sc-hLBbgP hIhZhQ"
          >
            <img
              class="sc-eDvSVe epBgfN"
              src="pizza.png"
            />
          </td>
          <td
            class="sc-hLBbgP hIhZhQ"
          >
            <img
              class="sc-eDvSVe epBgfN"
              src="pizza.png"
            />
          </td>
          <td
            class="sc-hLBbgP hIhZhQ"
          >
            <img
              class="sc-eDvSVe epBgfN"
              src="pizza.png"
            />
          </td>
          <td
            class="sc-hLBbgP hIhZhQ"
          >
            <img
              class="sc-eDvSVe epBgfN"
              src="pizza.png"
            />
          </td>
          <td
            class="sc-hLBbgP hIhZhQ"
          >
            <img
              class="sc-eDvSVe epBgfN"
              src="pizza.png"
            />
          </td>
          <td
            class="sc-hLBbgP hIhZhQ"
          >
            <img
              class="sc-eDvSVe epBgfN"
              src="pizza.png"
            />
          </td>
          <td
            class="sc-hLBbgP hIhZhQ"
          >
            <img
              class="sc-eDvSVe epBgfN"
              src="pizza.png"
            />
          </td>
          <td
            class="sc-hLBbgP hIhZhQ"
          >
            <img
              class="sc-eDvSVe epBgfN"
              src="pizza.png"
            />
          </td>
          <td
            class="sc-hLBbgP hIhZhQ"
          >
            <img
              class="sc-eDvSVe epBgfN"
              src="pizza.png"
            />
          </td>
        </tr>
        <tr>
          <td
            class="sc-hLBbgP hIhZhQ"
          >
            <img
              class="sc-eDvSVe epBgfN"
              src="pizza.png"
            />
          </td>
          <td
            class="sc-hLBbgP hIhZhQ"
          >
            <img
              class="sc-eDvSVe epBgfN"
              src="obstacle.jpg"
            />
          </td>
          <td
            class="sc-hLBbgP hIhZhQ"
          >
            <img
              class="sc-eDvSVe epBgfN"
              src="pizza.png"
            />
          </td>
          <td
            class="sc-hLBbgP hIhZhQ"
          >
            <img
              class="sc-eDvSVe epBgfN"
              src="obstacle.jpg"
            />
          </td>
          <td
            class="sc-hLBbgP hIhZhQ"
          >
            <img
              class="sc-eDvSVe epBgfN"
              src="pizza.png"
            />
          </td>
          <td
            class="sc-hLBbgP hIhZhQ"
          >
            <img
              class="sc-eDvSVe epBgfN"
              src="obstacle.jpg"
            />
          </td>
          <td
            class="sc-hLBbgP hIhZhQ"
          >
            <img
              class="sc-eDvSVe epBgfN"
              src="pizza.png"
            />
          </td>
          <td
            class="sc-hLBbgP hIhZhQ"
          >
            <img
              class="sc-eDvSVe epBgfN"
              src="obstacle.jpg"
            />
          </td>
          <td
            class="sc-hLBbgP hIhZhQ"
          >
            <img
              class="sc-eDvSVe epBgfN"
              src="pizza.png"
            />
          </td>
        </tr>
        <tr>
          <td
            class="sc-hLBbgP hIhZhQ"
          >
            <img
              class="sc-eDvSVe epBgfN"
              src="pizza.png"
            />
          </td>
          <td
            class="sc-hLBbgP hIhZhQ"
          >
            <img
              class="sc-eDvSVe epBgfN"
              src="pizza.png"
            />
          </td>
          <td
            class="sc-hLBbgP hIhZhQ"
          >
            <img
              class="sc-eDvSVe epBgfN"
              src="pizza.png"
            />
          </td>
          <td
            class="sc-hLBbgP hIhZhQ"
          >
            <img
              class="sc-eDvSVe epBgfN"
              src="pizza.png"
            />
          </td>
          <td
            class="sc-hLBbgP hIhZhQ"
          >
            <img
              class="sc-eDvSVe epBgfN"
              src="pizza.png"
            />
          </td>
          <td
            class="sc-hLBbgP hIhZhQ"
          >
            <img
              class="sc-eDvSVe epBgfN"
              src="pizza.png"
            />
          </td>
          <td
            class="sc-hLBbgP hIhZhQ"
          >
            <img
              class="sc-eDvSVe epBgfN"
              src="pizza.png"
            />
          </td>
          <td
            class="sc-hLBbgP hIhZhQ"
          >
            <img
              class="sc-eDvSVe epBgfN"
              src="pizza.png"
            />
          </td>
          <td
            class="sc-hLBbgP hIhZhQ"
          >
            <img
              class="sc-eDvSVe epBgfN"
              src="pizza.png"
            />
          </td>
        </tr>
      </div>
      <div
        class="sc-jSUZER gOoPkq"
      >
        <button
          class="sc-gKPRtg hmnFoD"
          data-testid="fn-controls-button-up"
        >
          <div
            class="sc-iBYQkv jMtJtr"
          />
        </button>
        <button
          class="sc-gKPRtg cILazt"
          data-testid="fn-controls-button-down"
        >
          <div
            class="sc-iBYQkv icdsrj"
          />
        </button>
        <button
          class="sc-gKPRtg hXaRCV"
          data-testid="fn-controls-button-left"
        >
          <div
            class="sc-iBYQkv RaszP"
          />
        </button>
        <button
          class="sc-gKPRtg hoHrNM"
          data-testid="fn-controls-button-right"
        >
          <div
            class="sc-iBYQkv ALwnz"
          />
        </button>
        <div
          class="sc-pyfCe droXxt"
        >
          <div
            class="sc-ftTHYK eFTIwb"
            data-testid="fn-controls-bark"
          />
        </div>
      </div>
    </div>
  </div>
</div>
`;

exports[`Model tests render component [TRIAL] 1`] = `
<div>
  <div
    class="sc-bcXHqe gkqtbX"
  >
    <div
      class="sc-ksBlkl jmQgxj"
    >
      00 : 30
    </div>
    <div
      class="sc-gswNZR cDelEv"
    >
      <div
        class="sc-dkrFOg hUHXsd"
      >
        <tr>
          <td
            class="sc-hLBbgP hIhZhQ"
          >
            <img
              class="sc-eDvSVe epBgfN"
              src="pizza.png"
            />
          </td>
          <td
            class="sc-hLBbgP hIhZhQ"
          >
            <img
              class="sc-eDvSVe epBgfN"
              src="pizza.png"
            />
          </td>
          <td
            class="sc-hLBbgP hIhZhQ"
          >
            <img
              class="sc-eDvSVe epBgfN"
              src="pizza.png"
            />
          </td>
          <td
            class="sc-hLBbgP hIhZhQ"
          >
            <img
              class="sc-eDvSVe epBgfN"
              src="blank.png"
            />
          </td>
          <td
            class="sc-hLBbgP hIhZhQ"
          >
            <img
              class="sc-eDvSVe epBgfN"
              src="pizza.png"
            />
          </td>
          <td
            class="sc-hLBbgP hIhZhQ"
          >
            <img
              class="sc-eDvSVe epBgfN"
              src="blank.png"
            />
          </td>
          <td
            class="sc-hLBbgP hIhZhQ"
          >
            <img
              class="sc-eDvSVe epBgfN"
              src="blank.png"
            />
          </td>
          <td
            class="sc-hLBbgP hIhZhQ"
          >
            <img
              class="sc-eDvSVe epBgfN"
              src="pizza.png"
            />
          </td>
          <td
            class="sc-hLBbgP hIhZhQ"
          >
            <img
              class="sc-eDvSVe epBgfN"
              src="pizza.png"
            />
          </td>
        </tr>
        <tr>
          <td
            class="sc-hLBbgP hIhZhQ"
          >
            <img
              class="sc-eDvSVe epBgfN"
              src="blank.png"
            />
          </td>
          <td
            class="sc-hLBbgP hIhZhQ"
          >
            <img
              class="sc-eDvSVe epBgfN"
              src="pizza.png"
            />
          </td>
          <td
            class="sc-hLBbgP hIhZhQ"
          >
            <img
              class="sc-eDvSVe epBgfN"
              src="blank.png"
            />
          </td>
          <td
            class="sc-hLBbgP hIhZhQ"
          >
            <img
              class="sc-eDvSVe epBgfN"
              src="pizza.png"
            />
          </td>
          <td
            class="sc-hLBbgP hIhZhQ"
          >
            <img
              class="sc-eDvSVe epBgfN"
              src="pizza.png"
            />
          </td>
          <td
            class="sc-hLBbgP hIhZhQ"
          >
            <img
              class="sc-eDvSVe epBgfN"
              src="pizza.png"
            />
          </td>
          <td
            class="sc-hLBbgP hIhZhQ"
          >
            <img
              class="sc-eDvSVe epBgfN"
              src="blank.png"
            />
          </td>
          <td
            class="sc-hLBbgP hIhZhQ"
          >
            <img
              class="sc-eDvSVe epBgfN"
              src="pizza.png"
            />
          </td>
          <td
            class="sc-hLBbgP hIhZhQ"
          >
            <img
              class="sc-eDvSVe epBgfN"
              src="pizza.png"
            />
          </td>
        </tr>
        <tr>
          <td
            class="sc-hLBbgP hIhZhQ"
          >
            <img
              class="sc-eDvSVe epBgfN"
              src="pizza.png"
            />
          </td>
          <td
            class="sc-hLBbgP hIhZhQ"
          >
            <img
              class="sc-eDvSVe epBgfN"
              src="pizza.png"
            />
          </td>
          <td
            class="sc-hLBbgP hIhZhQ"
          >
            <img
              class="sc-eDvSVe epBgfN"
              src="blank.png"
            />
          </td>
          <td
            class="sc-hLBbgP hIhZhQ"
          >
            <img
              class="sc-eDvSVe epBgfN"
              src="blank.png"
            />
          </td>
          <td
            class="sc-hLBbgP hIhZhQ"
          >
            <img
              class="sc-eDvSVe epBgfN"
              src="blank.png"
            />
          </td>
          <td
            class="sc-hLBbgP hIhZhQ"
          >
            <img
              class="sc-eDvSVe epBgfN"
              src="pizza.png"
            />
          </td>
          <td
            class="sc-hLBbgP hIhZhQ"
          >
            <img
              class="sc-eDvSVe epBgfN"
              src="pizza.png"
            />
          </td>
          <td
            class="sc-hLBbgP hIhZhQ"
          >
            <img
              class="sc-eDvSVe epBgfN"
              src="pizza.png"
            />
          </td>
          <td
            class="sc-hLBbgP hIhZhQ"
          >
            <img
              class="sc-eDvSVe epBgfN"
              src="pizza.png"
            />
          </td>
        </tr>
        <tr>
          <td
            class="sc-hLBbgP hIhZhQ"
          >
            <img
              class="sc-eDvSVe epBgfN"
              src="pizza.png"
            />
          </td>
          <td
            class="sc-hLBbgP hIhZhQ"
          >
            <img
              class="sc-eDvSVe epBgfN"
              src="blank.png"
            />
          </td>
          <td
            class="sc-hLBbgP hIhZhQ"
          >
            <img
              class="sc-eDvSVe epBgfN"
              src="pizza.png"
            />
          </td>
          <td
            class="sc-hLBbgP hIhZhQ"
          >
            <img
              class="sc-eDvSVe epBgfN"
              src="blank.png"
            />
          </td>
          <td
            class="sc-hLBbgP hIhZhQ"
          >
            <img
              class="sc-eDvSVe epBgfN"
              src="pizza.png"
            />
          </td>
          <td
            class="sc-hLBbgP hIhZhQ"
          >
            <img
              class="sc-eDvSVe epBgfN"
              src="pizza.png"
            />
          </td>
          <td
            class="sc-hLBbgP hIhZhQ"
          >
            <img
              class="sc-eDvSVe epBgfN"
              src="pizza.png"
            />
          </td>
          <td
            class="sc-hLBbgP hIhZhQ"
          >
            <img
              class="sc-eDvSVe epBgfN"
              src="blank.png"
            />
          </td>
          <td
            class="sc-hLBbgP hIhZhQ"
          >
            <img
              class="sc-eDvSVe epBgfN"
              src="pizza.png"
            />
          </td>
        </tr>
        <tr>
          <td
            class="sc-hLBbgP hIhZhQ"
          >
            <img
              class="sc-eDvSVe epBgfN"
              src="pizza.png"
            />
          </td>
          <td
            class="sc-hLBbgP hIhZhQ"
          >
            <img
              class="sc-eDvSVe epBgfN"
              src="blank.png"
            />
          </td>
          <td
            class="sc-hLBbgP hIhZhQ"
          >
            <img
              class="sc-eDvSVe epBgfN"
              src="pizza.png"
            />
          </td>
          <td
            class="sc-hLBbgP hIhZhQ"
          >
            <img
              class="sc-eDvSVe epBgfN"
              src="blank.png"
            />
          </td>
          <td
            class="sc-hLBbgP hIhZhQ"
          >
            <img
              class="sc-eDvSVe bnTpRO"
              src="duna.jpg"
            />
          </td>
          <td
            class="sc-hLBbgP hIhZhQ"
          >
            <img
              class="sc-eDvSVe epBgfN"
              src="pizza.png"
            />
          </td>
          <td
            class="sc-hLBbgP hIhZhQ"
          >
            <img
              class="sc-eDvSVe epBgfN"
              src="pizza.png"
            />
          </td>
          <td
            class="sc-hLBbgP hIhZhQ"
          >
            <img
              class="sc-eDvSVe epBgfN"
              src="pizza.png"
            />
          </td>
          <td
            class="sc-hLBbgP hIhZhQ"
          >
            <img
              class="sc-eDvSVe epBgfN"
              src="pizza.png"
            />
          </td>
        </tr>
        <tr>
          <td
            class="sc-hLBbgP hIhZhQ"
          >
            <img
              class="sc-eDvSVe epBgfN"
              src="blank.png"
            />
          </td>
          <td
            class="sc-hLBbgP hIhZhQ"
          >
            <img
              class="sc-eDvSVe epBgfN"
              src="pizza.png"
            />
          </td>
          <td
            class="sc-hLBbgP hIhZhQ"
          >
            <img
              class="sc-eDvSVe epBgfN"
              src="blank.png"
            />
          </td>
          <td
            class="sc-hLBbgP hIhZhQ"
          >
            <img
              class="sc-eDvSVe epBgfN"
              src="blank.png"
            />
          </td>
          <td
            class="sc-hLBbgP hIhZhQ"
          >
            <img
              class="sc-eDvSVe epBgfN"
              src="pizza.png"
            />
          </td>
          <td
            class="sc-hLBbgP hIhZhQ"
          >
            <img
              class="sc-eDvSVe epBgfN"
              src="pizza.png"
            />
          </td>
          <td
            class="sc-hLBbgP hIhZhQ"
          >
            <img
              class="sc-eDvSVe epBgfN"
              src="pizza.png"
            />
          </td>
          <td
            class="sc-hLBbgP hIhZhQ"
          >
            <img
              class="sc-eDvSVe epBgfN"
              src="blank.png"
            />
          </td>
          <td
            class="sc-hLBbgP hIhZhQ"
          >
            <img
              class="sc-eDvSVe epBgfN"
              src="blank.png"
            />
          </td>
        </tr>
        <tr>
          <td
            class="sc-hLBbgP hIhZhQ"
          >
            <img
              class="sc-eDvSVe epBgfN"
              src="pizza.png"
            />
          </td>
          <td
            class="sc-hLBbgP hIhZhQ"
          >
            <img
              class="sc-eDvSVe epBgfN"
              src="pizza.png"
            />
          </td>
          <td
            class="sc-hLBbgP hIhZhQ"
          >
            <img
              class="sc-eDvSVe epBgfN"
              src="pizza.png"
            />
          </td>
          <td
            class="sc-hLBbgP hIhZhQ"
          >
            <img
              class="sc-eDvSVe epBgfN"
              src="blank.png"
            />
          </td>
          <td
            class="sc-hLBbgP hIhZhQ"
          >
            <img
              class="sc-eDvSVe epBgfN"
              src="pizza.png"
            />
          </td>
          <td
            class="sc-hLBbgP hIhZhQ"
          >
            <img
              class="sc-eDvSVe epBgfN"
              src="blank.png"
            />
          </td>
          <td
            class="sc-hLBbgP hIhZhQ"
          >
            <img
              class="sc-eDvSVe epBgfN"
              src="blank.png"
            />
          </td>
          <td
            class="sc-hLBbgP hIhZhQ"
          >
            <img
              class="sc-eDvSVe epBgfN"
              src="pizza.png"
            />
          </td>
          <td
            class="sc-hLBbgP hIhZhQ"
          >
            <img
              class="sc-eDvSVe epBgfN"
              src="pizza.png"
            />
          </td>
        </tr>
        <tr>
          <td
            class="sc-hLBbgP hIhZhQ"
          >
            <img
              class="sc-eDvSVe epBgfN"
              src="pizza.png"
            />
          </td>
          <td
            class="sc-hLBbgP hIhZhQ"
          >
            <img
              class="sc-eDvSVe epBgfN"
              src="pizza.png"
            />
          </td>
          <td
            class="sc-hLBbgP hIhZhQ"
          >
            <img
              class="sc-eDvSVe epBgfN"
              src="blank.png"
            />
          </td>
          <td
            class="sc-hLBbgP hIhZhQ"
          >
            <img
              class="sc-eDvSVe epBgfN"
              src="blank.png"
            />
          </td>
          <td
            class="sc-hLBbgP hIhZhQ"
          >
            <img
              class="sc-eDvSVe epBgfN"
              src="pizza.png"
            />
          </td>
          <td
            class="sc-hLBbgP hIhZhQ"
          >
            <img
              class="sc-eDvSVe epBgfN"
              src="pizza.png"
            />
          </td>
          <td
            class="sc-hLBbgP hIhZhQ"
          >
            <img
              class="sc-eDvSVe epBgfN"
              src="blank.png"
            />
          </td>
          <td
            class="sc-hLBbgP hIhZhQ"
          >
            <img
              class="sc-eDvSVe epBgfN"
              src="blank.png"
            />
          </td>
          <td
            class="sc-hLBbgP hIhZhQ"
          >
            <img
              class="sc-eDvSVe epBgfN"
              src="blank.png"
            />
          </td>
        </tr>
        <tr>
          <td
            class="sc-hLBbgP hIhZhQ"
          >
            <img
              class="sc-eDvSVe epBgfN"
              src="blank.png"
            />
          </td>
          <td
            class="sc-hLBbgP hIhZhQ"
          >
            <img
              class="sc-eDvSVe epBgfN"
              src="pizza.png"
            />
          </td>
          <td
            class="sc-hLBbgP hIhZhQ"
          >
            <img
              class="sc-eDvSVe epBgfN"
              src="pizza.png"
            />
          </td>
          <td
            class="sc-hLBbgP hIhZhQ"
          >
            <img
              class="sc-eDvSVe epBgfN"
              src="pizza.png"
            />
          </td>
          <td
            class="sc-hLBbgP hIhZhQ"
          >
            <img
              class="sc-eDvSVe epBgfN"
              src="pizza.png"
            />
          </td>
          <td
            class="sc-hLBbgP hIhZhQ"
          >
            <img
              class="sc-eDvSVe epBgfN"
              src="pizza.png"
            />
          </td>
          <td
            class="sc-hLBbgP hIhZhQ"
          >
            <img
              class="sc-eDvSVe epBgfN"
              src="blank.png"
            />
          </td>
          <td
            class="sc-hLBbgP hIhZhQ"
          >
            <img
              class="sc-eDvSVe epBgfN"
              src="pizza.png"
            />
          </td>
          <td
            class="sc-hLBbgP hIhZhQ"
          >
            <img
              class="sc-eDvSVe epBgfN"
              src="blank.png"
            />
          </td>
        </tr>
      </div>
      <div
        class="sc-jSUZER gOoPkq"
      >
        <button
          class="sc-gKPRtg hmnFoD"
          data-testid="fn-controls-button-up"
        >
          <div
            class="sc-iBYQkv jMtJtr"
          />
        </button>
        <button
          class="sc-gKPRtg cILazt"
          data-testid="fn-controls-button-down"
        >
          <div
            class="sc-iBYQkv icdsrj"
          />
        </button>
        <button
          class="sc-gKPRtg hXaRCV"
          data-testid="fn-controls-button-left"
        >
          <div
            class="sc-iBYQkv RaszP"
          />
        </button>
        <button
          class="sc-gKPRtg hoHrNM"
          data-testid="fn-controls-button-right"
        >
          <div
            class="sc-iBYQkv ALwnz"
          />
        </button>
        <div
          class="sc-pyfCe droXxt"
        >
          <div
            class="sc-ftTHYK eFTIwb"
            data-testid="fn-controls-bark"
          />
        </div>
      </div>
    </div>
  </div>
</div>
`;

exports[`Model tests render component with difficulty 2 [SEEKER] 1`] = `
<div>
  <div
    class="sc-bcXHqe gkqtbX"
  >
    <div
      class="sc-gswNZR cDelEv"
    >
      <div
        class="sc-dkrFOg hUHXsd"
      >
        <tr>
          <td
            class="sc-hLBbgP hIhZhQ"
          >
            <img
              class="sc-eDvSVe epBgfN"
              src="seeker.jpg"
            />
          </td>
          <td
            class="sc-hLBbgP hIhZhQ"
          >
            <img
              class="sc-eDvSVe epBgfN"
              src="pizza.png"
            />
          </td>
          <td
            class="sc-hLBbgP hIhZhQ"
          >
            <img
              class="sc-eDvSVe epBgfN"
              src="pizza.png"
            />
          </td>
          <td
            class="sc-hLBbgP hIhZhQ"
          >
            <img
              class="sc-eDvSVe epBgfN"
              src="pizza.png"
            />
          </td>
          <td
            class="sc-hLBbgP hIhZhQ"
          >
            <img
              class="sc-eDvSVe epBgfN"
              src="pizza.png"
            />
          </td>
          <td
            class="sc-hLBbgP hIhZhQ"
          >
            <img
              class="sc-eDvSVe epBgfN"
              src="pizza.png"
            />
          </td>
          <td
            class="sc-hLBbgP hIhZhQ"
          >
            <img
              class="sc-eDvSVe epBgfN"
              src="pizza.png"
            />
          </td>
          <td
            class="sc-hLBbgP hIhZhQ"
          >
            <img
              class="sc-eDvSVe epBgfN"
              src="pizza.png"
            />
          </td>
          <td
            class="sc-hLBbgP hIhZhQ"
          >
            <img
              class="sc-eDvSVe epBgfN"
              src="pizza.png"
            />
          </td>
        </tr>
        <tr>
          <td
            class="sc-hLBbgP hIhZhQ"
          >
            <img
              class="sc-eDvSVe epBgfN"
              src="pizza.png"
            />
          </td>
          <td
            class="sc-hLBbgP hIhZhQ"
          >
            <img
              class="sc-eDvSVe epBgfN"
              src="obstacle.jpg"
            />
          </td>
          <td
            class="sc-hLBbgP hIhZhQ"
          >
            <img
              class="sc-eDvSVe epBgfN"
              src="pizza.png"
            />
          </td>
          <td
            class="sc-hLBbgP hIhZhQ"
          >
            <img
              class="sc-eDvSVe epBgfN"
              src="obstacle.jpg"
            />
          </td>
          <td
            class="sc-hLBbgP hIhZhQ"
          >
            <img
              class="sc-eDvSVe epBgfN"
              src="pizza.png"
            />
          </td>
          <td
            class="sc-hLBbgP hIhZhQ"
          >
            <img
              class="sc-eDvSVe epBgfN"
              src="obstacle.jpg"
            />
          </td>
          <td
            class="sc-hLBbgP hIhZhQ"
          >
            <img
              class="sc-eDvSVe epBgfN"
              src="pizza.png"
            />
          </td>
          <td
            class="sc-hLBbgP hIhZhQ"
          >
            <img
              class="sc-eDvSVe epBgfN"
              src="obstacle.jpg"
            />
          </td>
          <td
            class="sc-hLBbgP hIhZhQ"
          >
            <img
              class="sc-eDvSVe epBgfN"
              src="pizza.png"
            />
          </td>
        </tr>
        <tr>
          <td
            class="sc-hLBbgP hIhZhQ"
          >
            <img
              class="sc-eDvSVe epBgfN"
              src="pizza.png"
            />
          </td>
          <td
            class="sc-hLBbgP hIhZhQ"
          >
            <img
              class="sc-eDvSVe epBgfN"
              src="pizza.png"
            />
          </td>
          <td
            class="sc-hLBbgP hIhZhQ"
          >
            <img
              class="sc-eDvSVe epBgfN"
              src="pizza.png"
            />
          </td>
          <td
            class="sc-hLBbgP hIhZhQ"
          >
            <img
              class="sc-eDvSVe epBgfN"
              src="pizza.png"
            />
          </td>
          <td
            class="sc-hLBbgP hIhZhQ"
          >
            <img
              class="sc-eDvSVe epBgfN"
              src="pizza.png"
            />
          </td>
          <td
            class="sc-hLBbgP hIhZhQ"
          >
            <img
              class="sc-eDvSVe epBgfN"
              src="pizza.png"
            />
          </td>
          <td
            class="sc-hLBbgP hIhZhQ"
          >
            <img
              class="sc-eDvSVe epBgfN"
              src="pizza.png"
            />
          </td>
          <td
            class="sc-hLBbgP hIhZhQ"
          >
            <img
              class="sc-eDvSVe epBgfN"
              src="pizza.png"
            />
          </td>
          <td
            class="sc-hLBbgP hIhZhQ"
          >
            <img
              class="sc-eDvSVe epBgfN"
              src="pizza.png"
            />
          </td>
        </tr>
        <tr>
          <td
            class="sc-hLBbgP hIhZhQ"
          >
            <img
              class="sc-eDvSVe epBgfN"
              src="pizza.png"
            />
          </td>
          <td
            class="sc-hLBbgP hIhZhQ"
          >
            <img
              class="sc-eDvSVe epBgfN"
              src="obstacle.jpg"
            />
          </td>
          <td
            class="sc-hLBbgP hIhZhQ"
          >
            <img
              class="sc-eDvSVe epBgfN"
              src="pizza.png"
            />
          </td>
          <td
            class="sc-hLBbgP hIhZhQ"
          >
            <img
              class="sc-eDvSVe epBgfN"
              src="obstacle.jpg"
            />
          </td>
          <td
            class="sc-hLBbgP hIhZhQ"
          >
            <img
              class="sc-eDvSVe epBgfN"
              src="pizza.png"
            />
          </td>
          <td
            class="sc-hLBbgP hIhZhQ"
          >
            <img
              class="sc-eDvSVe epBgfN"
              src="obstacle.jpg"
            />
          </td>
          <td
            class="sc-hLBbgP hIhZhQ"
          >
            <img
              class="sc-eDvSVe epBgfN"
              src="pizza.png"
            />
          </td>
          <td
            class="sc-hLBbgP hIhZhQ"
          >
            <img
              class="sc-eDvSVe epBgfN"
              src="obstacle.jpg"
            />
          </td>
          <td
            class="sc-hLBbgP hIhZhQ"
          >
            <img
              class="sc-eDvSVe epBgfN"
              src="pizza.png"
            />
          </td>
        </tr>
        <tr>
          <td
            class="sc-hLBbgP hIhZhQ"
          >
            <img
              class="sc-eDvSVe epBgfN"
              src="pizza.png"
            />
          </td>
          <td
            class="sc-hLBbgP hIhZhQ"
          >
            <img
              class="sc-eDvSVe epBgfN"
              src="pizza.png"
            />
          </td>
          <td
            class="sc-hLBbgP hIhZhQ"
          >
            <img
              class="sc-eDvSVe epBgfN"
              src="pizza.png"
            />
          </td>
          <td
            class="sc-hLBbgP hIhZhQ"
          >
            <img
              class="sc-eDvSVe epBgfN"
              src="pizza.png"
            />
          </td>
          <td
            class="sc-hLBbgP hIhZhQ"
          >
            <img
              class="sc-eDvSVe bnTpRO"
              src="duna.jpg"
            />
          </td>
          <td
            class="sc-hLBbgP hIhZhQ"
          >
            <img
              class="sc-eDvSVe epBgfN"
              src="pizza.png"
            />
          </td>
          <td
            class="sc-hLBbgP hIhZhQ"
          >
            <img
              class="sc-eDvSVe epBgfN"
              src="pizza.png"
            />
          </td>
          <td
            class="sc-hLBbgP hIhZhQ"
          >
            <img
              class="sc-eDvSVe epBgfN"
              src="pizza.png"
            />
          </td>
          <td
            class="sc-hLBbgP hIhZhQ"
          >
            <img
              class="sc-eDvSVe epBgfN"
              src="pizza.png"
            />
          </td>
        </tr>
        <tr>
          <td
            class="sc-hLBbgP hIhZhQ"
          >
            <img
              class="sc-eDvSVe epBgfN"
              src="pizza.png"
            />
          </td>
          <td
            class="sc-hLBbgP hIhZhQ"
          >
            <img
              class="sc-eDvSVe epBgfN"
              src="obstacle.jpg"
            />
          </td>
          <td
            class="sc-hLBbgP hIhZhQ"
          >
            <img
              class="sc-eDvSVe epBgfN"
              src="pizza.png"
            />
          </td>
          <td
            class="sc-hLBbgP hIhZhQ"
          >
            <img
              class="sc-eDvSVe epBgfN"
              src="obstacle.jpg"
            />
          </td>
          <td
            class="sc-hLBbgP hIhZhQ"
          >
            <img
              class="sc-eDvSVe epBgfN"
              src="pizza.png"
            />
          </td>
          <td
            class="sc-hLBbgP hIhZhQ"
          >
            <img
              class="sc-eDvSVe epBgfN"
              src="obstacle.jpg"
            />
          </td>
          <td
            class="sc-hLBbgP hIhZhQ"
          >
            <img
              class="sc-eDvSVe epBgfN"
              src="pizza.png"
            />
          </td>
          <td
            class="sc-hLBbgP hIhZhQ"
          >
            <img
              class="sc-eDvSVe epBgfN"
              src="obstacle.jpg"
            />
          </td>
          <td
            class="sc-hLBbgP hIhZhQ"
          >
            <img
              class="sc-eDvSVe epBgfN"
              src="pizza.png"
            />
          </td>
        </tr>
        <tr>
          <td
            class="sc-hLBbgP hIhZhQ"
          >
            <img
              class="sc-eDvSVe epBgfN"
              src="pizza.png"
            />
          </td>
          <td
            class="sc-hLBbgP hIhZhQ"
          >
            <img
              class="sc-eDvSVe epBgfN"
              src="pizza.png"
            />
          </td>
          <td
            class="sc-hLBbgP hIhZhQ"
          >
            <img
              class="sc-eDvSVe epBgfN"
              src="pizza.png"
            />
          </td>
          <td
            class="sc-hLBbgP hIhZhQ"
          >
            <img
              class="sc-eDvSVe epBgfN"
              src="pizza.png"
            />
          </td>
          <td
            class="sc-hLBbgP hIhZhQ"
          >
            <img
              class="sc-eDvSVe epBgfN"
              src="pizza.png"
            />
          </td>
          <td
            class="sc-hLBbgP hIhZhQ"
          >
            <img
              class="sc-eDvSVe epBgfN"
              src="pizza.png"
            />
          </td>
          <td
            class="sc-hLBbgP hIhZhQ"
          >
            <img
              class="sc-eDvSVe epBgfN"
              src="pizza.png"
            />
          </td>
          <td
            class="sc-hLBbgP hIhZhQ"
          >
            <img
              class="sc-eDvSVe epBgfN"
              src="pizza.png"
            />
          </td>
          <td
            class="sc-hLBbgP hIhZhQ"
          >
            <img
              class="sc-eDvSVe epBgfN"
              src="pizza.png"
            />
          </td>
        </tr>
        <tr>
          <td
            class="sc-hLBbgP hIhZhQ"
          >
            <img
              class="sc-eDvSVe epBgfN"
              src="pizza.png"
            />
          </td>
          <td
            class="sc-hLBbgP hIhZhQ"
          >
            <img
              class="sc-eDvSVe epBgfN"
              src="obstacle.jpg"
            />
          </td>
          <td
            class="sc-hLBbgP hIhZhQ"
          >
            <img
              class="sc-eDvSVe epBgfN"
              src="pizza.png"
            />
          </td>
          <td
            class="sc-hLBbgP hIhZhQ"
          >
            <img
              class="sc-eDvSVe epBgfN"
              src="obstacle.jpg"
            />
          </td>
          <td
            class="sc-hLBbgP hIhZhQ"
          >
            <img
              class="sc-eDvSVe epBgfN"
              src="pizza.png"
            />
          </td>
          <td
            class="sc-hLBbgP hIhZhQ"
          >
            <img
              class="sc-eDvSVe epBgfN"
              src="obstacle.jpg"
            />
          </td>
          <td
            class="sc-hLBbgP hIhZhQ"
          >
            <img
              class="sc-eDvSVe epBgfN"
              src="pizza.png"
            />
          </td>
          <td
            class="sc-hLBbgP hIhZhQ"
          >
            <img
              class="sc-eDvSVe epBgfN"
              src="obstacle.jpg"
            />
          </td>
          <td
            class="sc-hLBbgP hIhZhQ"
          >
            <img
              class="sc-eDvSVe epBgfN"
              src="pizza.png"
            />
          </td>
        </tr>
        <tr>
          <td
            class="sc-hLBbgP hIhZhQ"
          >
            <img
              class="sc-eDvSVe epBgfN"
              src="pizza.png"
            />
          </td>
          <td
            class="sc-hLBbgP hIhZhQ"
          >
            <img
              class="sc-eDvSVe epBgfN"
              src="pizza.png"
            />
          </td>
          <td
            class="sc-hLBbgP hIhZhQ"
          >
            <img
              class="sc-eDvSVe epBgfN"
              src="pizza.png"
            />
          </td>
          <td
            class="sc-hLBbgP hIhZhQ"
          >
            <img
              class="sc-eDvSVe epBgfN"
              src="pizza.png"
            />
          </td>
          <td
            class="sc-hLBbgP hIhZhQ"
          >
            <img
              class="sc-eDvSVe epBgfN"
              src="pizza.png"
            />
          </td>
          <td
            class="sc-hLBbgP hIhZhQ"
          >
            <img
              class="sc-eDvSVe epBgfN"
              src="pizza.png"
            />
          </td>
          <td
            class="sc-hLBbgP hIhZhQ"
          >
            <img
              class="sc-eDvSVe epBgfN"
              src="pizza.png"
            />
          </td>
          <td
            class="sc-hLBbgP hIhZhQ"
          >
            <img
              class="sc-eDvSVe epBgfN"
              src="pizza.png"
            />
          </td>
          <td
            class="sc-hLBbgP hIhZhQ"
          >
            <img
              class="sc-eDvSVe epBgfN"
              src="pizza.png"
            />
          </td>
        </tr>
      </div>
      <div
        class="sc-jSUZER gOoPkq"
      >
        <button
          class="sc-gKPRtg hmnFoD"
          data-testid="fn-controls-button-up"
        >
          <div
            class="sc-iBYQkv jMtJtr"
          />
        </button>
        <button
          class="sc-gKPRtg cILazt"
          data-testid="fn-controls-button-down"
        >
          <div
            class="sc-iBYQkv icdsrj"
          />
        </button>
        <button
          class="sc-gKPRtg hXaRCV"
          data-testid="fn-controls-button-left"
        >
          <div
            class="sc-iBYQkv RaszP"
          />
        </button>
        <button
          class="sc-gKPRtg hoHrNM"
          data-testid="fn-controls-button-right"
        >
          <div
            class="sc-iBYQkv ALwnz"
          />
        </button>
        <div
          class="sc-pyfCe droXxt"
        >
          <div
            class="sc-ftTHYK eFTIwb"
            data-testid="fn-controls-bark"
          />
        </div>
      </div>
    </div>
  </div>
</div>
`;

exports[`Model tests render component with difficulty 2 [TRIAL] 1`] = `
<div>
  <div
    class="sc-bcXHqe gkqtbX"
  >
    <div
      class="sc-ksBlkl jmQgxj"
    >
      00 : 30
    </div>
    <div
      class="sc-gswNZR cDelEv"
    >
      <div
        class="sc-dkrFOg hUHXsd"
      >
        <tr>
          <td
            class="sc-hLBbgP hIhZhQ"
          >
            <img
              class="sc-eDvSVe epBgfN"
              src="blank.png"
            />
          </td>
          <td
            class="sc-hLBbgP hIhZhQ"
          >
            <img
              class="sc-eDvSVe epBgfN"
              src="pizza.png"
            />
          </td>
          <td
            class="sc-hLBbgP hIhZhQ"
          >
            <img
              class="sc-eDvSVe epBgfN"
              src="pizza.png"
            />
          </td>
          <td
            class="sc-hLBbgP hIhZhQ"
          >
            <img
              class="sc-eDvSVe epBgfN"
              src="pizza.png"
            />
          </td>
          <td
            class="sc-hLBbgP hIhZhQ"
          >
            <img
              class="sc-eDvSVe epBgfN"
              src="pizza.png"
            />
          </td>
          <td
            class="sc-hLBbgP hIhZhQ"
          >
            <img
              class="sc-eDvSVe epBgfN"
              src="blank.png"
            />
          </td>
          <td
            class="sc-hLBbgP hIhZhQ"
          >
            <img
              class="sc-eDvSVe epBgfN"
              src="blank.png"
            />
          </td>
          <td
            class="sc-hLBbgP hIhZhQ"
          >
            <img
              class="sc-eDvSVe epBgfN"
              src="pizza.png"
            />
          </td>
          <td
            class="sc-hLBbgP hIhZhQ"
          >
            <img
              class="sc-eDvSVe epBgfN"
              src="obstacle.jpg"
            />
          </td>
        </tr>
        <tr>
          <td
            class="sc-hLBbgP hIhZhQ"
          >
            <img
              class="sc-eDvSVe epBgfN"
              src="pizza.png"
            />
          </td>
          <td
            class="sc-hLBbgP hIhZhQ"
          >
            <img
              class="sc-eDvSVe epBgfN"
              src="pizza.png"
            />
          </td>
          <td
            class="sc-hLBbgP hIhZhQ"
          >
            <img
              class="sc-eDvSVe epBgfN"
              src="pizza.png"
            />
          </td>
          <td
            class="sc-hLBbgP hIhZhQ"
          >
            <img
              class="sc-eDvSVe epBgfN"
              src="blank.png"
            />
          </td>
          <td
            class="sc-hLBbgP hIhZhQ"
          >
            <img
              class="sc-eDvSVe epBgfN"
              src="obstacle.jpg"
            />
          </td>
          <td
            class="sc-hLBbgP hIhZhQ"
          >
            <img
              class="sc-eDvSVe epBgfN"
              src="obstacle.jpg"
            />
          </td>
          <td
            class="sc-hLBbgP hIhZhQ"
          >
            <img
              class="sc-eDvSVe epBgfN"
              src="obstacle.jpg"
            />
          </td>
          <td
            class="sc-hLBbgP hIhZhQ"
          >
            <img
              class="sc-eDvSVe epBgfN"
              src="pizza.png"
            />
          </td>
          <td
            class="sc-hLBbgP hIhZhQ"
          >
            <img
              class="sc-eDvSVe epBgfN"
              src="obstacle.jpg"
            />
          </td>
        </tr>
        <tr>
          <td
            class="sc-hLBbgP hIhZhQ"
          >
            <img
              class="sc-eDvSVe epBgfN"
              src="pizza.png"
            />
          </td>
          <td
            class="sc-hLBbgP hIhZhQ"
          >
            <img
              class="sc-eDvSVe epBgfN"
              src="pizza.png"
            />
          </td>
          <td
            class="sc-hLBbgP hIhZhQ"
          >
            <img
              class="sc-eDvSVe epBgfN"
              src="pizza.png"
            />
          </td>
          <td
            class="sc-hLBbgP hIhZhQ"
          >
            <img
              class="sc-eDvSVe epBgfN"
              src="blank.png"
            />
          </td>
          <td
            class="sc-hLBbgP hIhZhQ"
          >
            <img
              class="sc-eDvSVe epBgfN"
              src="pizza.png"
            />
          </td>
          <td
            class="sc-hLBbgP hIhZhQ"
          >
            <img
              class="sc-eDvSVe epBgfN"
              src="obstacle.jpg"
            />
          </td>
          <td
            class="sc-hLBbgP hIhZhQ"
          >
            <img
              class="sc-eDvSVe epBgfN"
              src="pizza.png"
            />
          </td>
          <td
            class="sc-hLBbgP hIhZhQ"
          >
            <img
              class="sc-eDvSVe epBgfN"
              src="blank.png"
            />
          </td>
          <td
            class="sc-hLBbgP hIhZhQ"
          >
            <img
              class="sc-eDvSVe epBgfN"
              src="pizza.png"
            />
          </td>
        </tr>
        <tr>
          <td
            class="sc-hLBbgP hIhZhQ"
          >
            <img
              class="sc-eDvSVe epBgfN"
              src="blank.png"
            />
          </td>
          <td
            class="sc-hLBbgP hIhZhQ"
          >
            <img
              class="sc-eDvSVe epBgfN"
              src="pizza.png"
            />
          </td>
          <td
            class="sc-hLBbgP hIhZhQ"
          >
            <img
              class="sc-eDvSVe epBgfN"
              src="pizza.png"
            />
          </td>
          <td
            class="sc-hLBbgP hIhZhQ"
          >
            <img
              class="sc-eDvSVe epBgfN"
              src="pizza.png"
            />
          </td>
          <td
            class="sc-hLBbgP hIhZhQ"
          >
            <img
              class="sc-eDvSVe epBgfN"
              src="pizza.png"
            />
          </td>
          <td
            class="sc-hLBbgP hIhZhQ"
          >
            <img
              class="sc-eDvSVe epBgfN"
              src="blank.png"
            />
          </td>
          <td
            class="sc-hLBbgP hIhZhQ"
          >
            <img
              class="sc-eDvSVe epBgfN"
              src="pizza.png"
            />
          </td>
          <td
            class="sc-hLBbgP hIhZhQ"
          >
            <img
              class="sc-eDvSVe epBgfN"
              src="pizza.png"
            />
          </td>
          <td
            class="sc-hLBbgP hIhZhQ"
          >
            <img
              class="sc-eDvSVe epBgfN"
              src="pizza.png"
            />
          </td>
        </tr>
        <tr>
          <td
            class="sc-hLBbgP hIhZhQ"
          >
            <img
              class="sc-eDvSVe epBgfN"
              src="blank.png"
            />
          </td>
          <td
            class="sc-hLBbgP hIhZhQ"
          >
            <img
              class="sc-eDvSVe epBgfN"
              src="blank.png"
            />
          </td>
          <td
            class="sc-hLBbgP hIhZhQ"
          >
            <img
              class="sc-eDvSVe epBgfN"
              src="blank.png"
            />
          </td>
          <td
            class="sc-hLBbgP hIhZhQ"
          >
            <img
              class="sc-eDvSVe epBgfN"
              src="pizza.png"
            />
          </td>
          <td
            class="sc-hLBbgP hIhZhQ"
          >
            <img
              class="sc-eDvSVe bnTpRO"
              src="duna.jpg"
            />
          </td>
          <td
            class="sc-hLBbgP hIhZhQ"
          >
            <img
              class="sc-eDvSVe epBgfN"
              src="pizza.png"
            />
          </td>
          <td
            class="sc-hLBbgP hIhZhQ"
          >
            <img
              class="sc-eDvSVe epBgfN"
              src="obstacle.jpg"
            />
          </td>
          <td
            class="sc-hLBbgP hIhZhQ"
          >
            <img
              class="sc-eDvSVe epBgfN"
              src="pizza.png"
            />
          </td>
          <td
            class="sc-hLBbgP hIhZhQ"
          >
            <img
              class="sc-eDvSVe epBgfN"
              src="pizza.png"
            />
          </td>
        </tr>
        <tr>
          <td
            class="sc-hLBbgP hIhZhQ"
          >
            <img
              class="sc-eDvSVe epBgfN"
              src="blank.png"
            />
          </td>
          <td
            class="sc-hLBbgP hIhZhQ"
          >
            <img
              class="sc-eDvSVe epBgfN"
              src="blank.png"
            />
          </td>
          <td
            class="sc-hLBbgP hIhZhQ"
          >
            <img
              class="sc-eDvSVe epBgfN"
              src="pizza.png"
            />
          </td>
          <td
            class="sc-hLBbgP hIhZhQ"
          >
            <img
              class="sc-eDvSVe epBgfN"
              src="pizza.png"
            />
          </td>
          <td
            class="sc-hLBbgP hIhZhQ"
          >
            <img
              class="sc-eDvSVe epBgfN"
              src="blank.png"
            />
          </td>
          <td
            class="sc-hLBbgP hIhZhQ"
          >
            <img
              class="sc-eDvSVe epBgfN"
              src="pizza.png"
            />
          </td>
          <td
            class="sc-hLBbgP hIhZhQ"
          >
            <img
              class="sc-eDvSVe epBgfN"
              src="pizza.png"
            />
          </td>
          <td
            class="sc-hLBbgP hIhZhQ"
          >
            <img
              class="sc-eDvSVe epBgfN"
              src="pizza.png"
            />
          </td>
          <td
            class="sc-hLBbgP hIhZhQ"
          >
            <img
              class="sc-eDvSVe epBgfN"
              src="pizza.png"
            />
          </td>
        </tr>
        <tr>
          <td
            class="sc-hLBbgP hIhZhQ"
          >
            <img
              class="sc-eDvSVe epBgfN"
              src="pizza.png"
            />
          </td>
          <td
            class="sc-hLBbgP hIhZhQ"
          >
            <img
              class="sc-eDvSVe epBgfN"
              src="pizza.png"
            />
          </td>
          <td
            class="sc-hLBbgP hIhZhQ"
          >
            <img
              class="sc-eDvSVe epBgfN"
              src="pizza.png"
            />
          </td>
          <td
            class="sc-hLBbgP hIhZhQ"
          >
            <img
              class="sc-eDvSVe epBgfN"
              src="pizza.png"
            />
          </td>
          <td
            class="sc-hLBbgP hIhZhQ"
          >
            <img
              class="sc-eDvSVe epBgfN"
              src="blank.png"
            />
          </td>
          <td
            class="sc-hLBbgP hIhZhQ"
          >
            <img
              class="sc-eDvSVe epBgfN"
              src="blank.png"
            />
          </td>
          <td
            class="sc-hLBbgP hIhZhQ"
          >
            <img
              class="sc-eDvSVe epBgfN"
              src="pizza.png"
            />
          </td>
          <td
            class="sc-hLBbgP hIhZhQ"
          >
            <img
              class="sc-eDvSVe epBgfN"
              src="pizza.png"
            />
          </td>
          <td
            class="sc-hLBbgP hIhZhQ"
          >
            <img
              class="sc-eDvSVe epBgfN"
              src="pizza.png"
            />
          </td>
        </tr>
        <tr>
          <td
            class="sc-hLBbgP hIhZhQ"
          >
            <img
              class="sc-eDvSVe epBgfN"
              src="pizza.png"
            />
          </td>
          <td
            class="sc-hLBbgP hIhZhQ"
          >
            <img
              class="sc-eDvSVe epBgfN"
              src="pizza.png"
            />
          </td>
          <td
            class="sc-hLBbgP hIhZhQ"
          >
            <img
              class="sc-eDvSVe epBgfN"
              src="blank.png"
            />
          </td>
          <td
            class="sc-hLBbgP hIhZhQ"
          >
            <img
              class="sc-eDvSVe epBgfN"
              src="obstacle.jpg"
            />
          </td>
          <td
            class="sc-hLBbgP hIhZhQ"
          >
            <img
              class="sc-eDvSVe epBgfN"
              src="pizza.png"
            />
          </td>
          <td
            class="sc-hLBbgP hIhZhQ"
          >
            <img
              class="sc-eDvSVe epBgfN"
              src="blank.png"
            />
          </td>
          <td
            class="sc-hLBbgP hIhZhQ"
          >
            <img
              class="sc-eDvSVe epBgfN"
              src="blank.png"
            />
          </td>
          <td
            class="sc-hLBbgP hIhZhQ"
          >
            <img
              class="sc-eDvSVe epBgfN"
              src="pizza.png"
            />
          </td>
          <td
            class="sc-hLBbgP hIhZhQ"
          >
            <img
              class="sc-eDvSVe epBgfN"
              src="pizza.png"
            />
          </td>
        </tr>
        <tr>
          <td
            class="sc-hLBbgP hIhZhQ"
          >
            <img
              class="sc-eDvSVe epBgfN"
              src="blank.png"
            />
          </td>
          <td
            class="sc-hLBbgP hIhZhQ"
          >
            <img
              class="sc-eDvSVe epBgfN"
              src="pizza.png"
            />
          </td>
          <td
            class="sc-hLBbgP hIhZhQ"
          >
            <img
              class="sc-eDvSVe epBgfN"
              src="pizza.png"
            />
          </td>
          <td
            class="sc-hLBbgP hIhZhQ"
          >
            <img
              class="sc-eDvSVe epBgfN"
              src="pizza.png"
            />
          </td>
          <td
            class="sc-hLBbgP hIhZhQ"
          >
            <img
              class="sc-eDvSVe epBgfN"
              src="pizza.png"
            />
          </td>
          <td
            class="sc-hLBbgP hIhZhQ"
          >
            <img
              class="sc-eDvSVe epBgfN"
              src="blank.png"
            />
          </td>
          <td
            class="sc-hLBbgP hIhZhQ"
          >
            <img
              class="sc-eDvSVe epBgfN"
              src="pizza.png"
            />
          </td>
          <td
            class="sc-hLBbgP hIhZhQ"
          >
            <img
              class="sc-eDvSVe epBgfN"
              src="pizza.png"
            />
          </td>
          <td
            class="sc-hLBbgP hIhZhQ"
          >
            <img
              class="sc-eDvSVe epBgfN"
              src="blank.png"
            />
          </td>
        </tr>
      </div>
      <div
        class="sc-jSUZER gOoPkq"
      >
        <button
          class="sc-gKPRtg hmnFoD"
          data-testid="fn-controls-button-up"
        >
          <div
            class="sc-iBYQkv jMtJtr"
          />
        </button>
        <button
          class="sc-gKPRtg cILazt"
          data-testid="fn-controls-button-down"
        >
          <div
            class="sc-iBYQkv icdsrj"
          />
        </button>
        <button
          class="sc-gKPRtg hXaRCV"
          data-testid="fn-controls-button-left"
        >
          <div
            class="sc-iBYQkv RaszP"
          />
        </button>
        <button
          class="sc-gKPRtg hoHrNM"
          data-testid="fn-controls-button-right"
        >
          <div
            class="sc-iBYQkv ALwnz"
          />
        </button>
        <div
          class="sc-pyfCe droXxt"
        >
          <div
            class="sc-ftTHYK eFTIwb"
            data-testid="fn-controls-bark"
          />
        </div>
      </div>
    </div>
  </div>
</div>
`;
