// Jest Snapshot v1, https://goo.gl/fbAQLP

exports[`Model tests render component [SEEKER] 1`] = `
<div>
  <div
    class="sc-bcXHqe gkqtbX"
  >
    <div
      class="sc-gswNZR cDelEv"
    >
      <div
        class="sc-dkrFOg hUHXsd"
      >
        <div
          class="sc-hLBbgP PBcJN"
        >
          <div
            class="sc-eDvSVe cfNigk"
          >
            <img
              class="sc-jSUZER kEdNSD"
              src="seeker.jpg"
            />
          </div>
          <div
            class="sc-eDvSVe cfNigk"
          >
            <img
              class="sc-jSUZER kEdNSD"
              src="pizza.png"
            />
          </div>
          <div
            class="sc-eDvSVe cfNigk"
          >
            <img
              class="sc-jSUZER kEdNSD"
              src="pizza.png"
            />
          </div>
          <div
            class="sc-eDvSVe cfNigk"
          >
            <img
              class="sc-jSUZER kEdNSD"
              src="pizza.png"
            />
          </div>
          <div
            class="sc-eDvSVe cfNigk"
          >
            <img
              class="sc-jSUZER kEdNSD"
              src="pizza.png"
            />
          </div>
          <div
            class="sc-eDvSVe cfNigk"
          >
            <img
              class="sc-jSUZER kEdNSD"
              src="pizza.png"
            />
          </div>
          <div
            class="sc-eDvSVe cfNigk"
          >
            <img
              class="sc-jSUZER kEdNSD"
              src="pizza.png"
            />
          </div>
          <div
            class="sc-eDvSVe cfNigk"
          >
            <img
              class="sc-jSUZER kEdNSD"
              src="pizza.png"
            />
          </div>
          <div
            class="sc-eDvSVe cfNigk"
          >
            <img
              class="sc-jSUZER kEdNSD"
              src="pizza.png"
            />
          </div>
        </div>
        <div
          class="sc-hLBbgP PBcJN"
        >
          <div
            class="sc-eDvSVe cfNigk"
          >
            <img
              class="sc-jSUZER kEdNSD"
              src="pizza.png"
            />
          </div>
          <div
            class="sc-eDvSVe cfNigk"
          >
            <img
              class="sc-jSUZER kEdNSD"
              src="obstacle.jpg"
            />
          </div>
          <div
            class="sc-eDvSVe cfNigk"
          >
            <img
              class="sc-jSUZER kEdNSD"
              src="pizza.png"
            />
          </div>
          <div
            class="sc-eDvSVe cfNigk"
          >
            <img
              class="sc-jSUZER kEdNSD"
              src="obstacle.jpg"
            />
          </div>
          <div
            class="sc-eDvSVe cfNigk"
          >
            <img
              class="sc-jSUZER kEdNSD"
              src="pizza.png"
            />
          </div>
          <div
            class="sc-eDvSVe cfNigk"
          >
            <img
              class="sc-jSUZER kEdNSD"
              src="obstacle.jpg"
            />
          </div>
          <div
            class="sc-eDvSVe cfNigk"
          >
            <img
              class="sc-jSUZER kEdNSD"
              src="pizza.png"
            />
          </div>
          <div
            class="sc-eDvSVe cfNigk"
          >
            <img
              class="sc-jSUZER kEdNSD"
              src="obstacle.jpg"
            />
          </div>
          <div
            class="sc-eDvSVe cfNigk"
          >
            <img
              class="sc-jSUZER kEdNSD"
              src="pizza.png"
            />
          </div>
        </div>
        <div
          class="sc-hLBbgP PBcJN"
        >
          <div
            class="sc-eDvSVe cfNigk"
          >
            <img
              class="sc-jSUZER kEdNSD"
              src="pizza.png"
            />
          </div>
          <div
            class="sc-eDvSVe cfNigk"
          >
            <img
              class="sc-jSUZER kEdNSD"
              src="pizza.png"
            />
          </div>
          <div
            class="sc-eDvSVe cfNigk"
          >
            <img
              class="sc-jSUZER kEdNSD"
              src="pizza.png"
            />
          </div>
          <div
            class="sc-eDvSVe cfNigk"
          >
            <img
              class="sc-jSUZER kEdNSD"
              src="pizza.png"
            />
          </div>
          <div
            class="sc-eDvSVe cfNigk"
          >
            <img
              class="sc-jSUZER kEdNSD"
              src="pizza.png"
            />
          </div>
          <div
            class="sc-eDvSVe cfNigk"
          >
            <img
              class="sc-jSUZER kEdNSD"
              src="pizza.png"
            />
          </div>
          <div
            class="sc-eDvSVe cfNigk"
          >
            <img
              class="sc-jSUZER kEdNSD"
              src="pizza.png"
            />
          </div>
          <div
            class="sc-eDvSVe cfNigk"
          >
            <img
              class="sc-jSUZER kEdNSD"
              src="pizza.png"
            />
          </div>
          <div
            class="sc-eDvSVe cfNigk"
          >
            <img
              class="sc-jSUZER kEdNSD"
              src="pizza.png"
            />
          </div>
        </div>
        <div
          class="sc-hLBbgP PBcJN"
        >
          <div
            class="sc-eDvSVe cfNigk"
          >
            <img
              class="sc-jSUZER kEdNSD"
              src="pizza.png"
            />
          </div>
          <div
            class="sc-eDvSVe cfNigk"
          >
            <img
              class="sc-jSUZER kEdNSD"
              src="obstacle.jpg"
            />
          </div>
          <div
            class="sc-eDvSVe cfNigk"
          >
            <img
              class="sc-jSUZER kEdNSD"
              src="pizza.png"
            />
          </div>
          <div
            class="sc-eDvSVe cfNigk"
          >
            <img
              class="sc-jSUZER kEdNSD"
              src="obstacle.jpg"
            />
          </div>
          <div
            class="sc-eDvSVe cfNigk"
          >
            <img
              class="sc-jSUZER kEdNSD"
              src="pizza.png"
            />
          </div>
          <div
            class="sc-eDvSVe cfNigk"
          >
            <img
              class="sc-jSUZER kEdNSD"
              src="obstacle.jpg"
            />
          </div>
          <div
            class="sc-eDvSVe cfNigk"
          >
            <img
              class="sc-jSUZER kEdNSD"
              src="pizza.png"
            />
          </div>
          <div
            class="sc-eDvSVe cfNigk"
          >
            <img
              class="sc-jSUZER kEdNSD"
              src="obstacle.jpg"
            />
          </div>
          <div
            class="sc-eDvSVe cfNigk"
          >
            <img
              class="sc-jSUZER kEdNSD"
              src="pizza.png"
            />
          </div>
        </div>
        <div
          class="sc-hLBbgP PBcJN"
        >
          <div
            class="sc-eDvSVe cfNigk"
          >
            <img
              class="sc-jSUZER kEdNSD"
              src="pizza.png"
            />
          </div>
          <div
            class="sc-eDvSVe cfNigk"
          >
            <img
              class="sc-jSUZER kEdNSD"
              src="pizza.png"
            />
          </div>
          <div
            class="sc-eDvSVe cfNigk"
          >
            <img
              class="sc-jSUZER kEdNSD"
              src="pizza.png"
            />
          </div>
          <div
            class="sc-eDvSVe cfNigk"
          >
            <img
              class="sc-jSUZER kEdNSD"
              src="pizza.png"
            />
          </div>
          <div
            class="sc-eDvSVe cfNigk"
          >
            <img
              class="sc-jSUZER lkfwHo"
              src="duna.jpg"
            />
          </div>
          <div
            class="sc-eDvSVe cfNigk"
          >
            <img
              class="sc-jSUZER kEdNSD"
              src="pizza.png"
            />
          </div>
          <div
            class="sc-eDvSVe cfNigk"
          >
            <img
              class="sc-jSUZER kEdNSD"
              src="pizza.png"
            />
          </div>
          <div
            class="sc-eDvSVe cfNigk"
          >
            <img
              class="sc-jSUZER kEdNSD"
              src="pizza.png"
            />
          </div>
          <div
            class="sc-eDvSVe cfNigk"
          >
            <img
              class="sc-jSUZER kEdNSD"
              src="pizza.png"
            />
          </div>
        </div>
        <div
          class="sc-hLBbgP PBcJN"
        >
          <div
            class="sc-eDvSVe cfNigk"
          >
            <img
              class="sc-jSUZER kEdNSD"
              src="pizza.png"
            />
          </div>
          <div
            class="sc-eDvSVe cfNigk"
          >
            <img
              class="sc-jSUZER kEdNSD"
              src="obstacle.jpg"
            />
          </div>
          <div
            class="sc-eDvSVe cfNigk"
          >
            <img
              class="sc-jSUZER kEdNSD"
              src="pizza.png"
            />
          </div>
          <div
            class="sc-eDvSVe cfNigk"
          >
            <img
              class="sc-jSUZER kEdNSD"
              src="obstacle.jpg"
            />
          </div>
          <div
            class="sc-eDvSVe cfNigk"
          >
            <img
              class="sc-jSUZER kEdNSD"
              src="pizza.png"
            />
          </div>
          <div
            class="sc-eDvSVe cfNigk"
          >
            <img
              class="sc-jSUZER kEdNSD"
              src="obstacle.jpg"
            />
          </div>
          <div
            class="sc-eDvSVe cfNigk"
          >
            <img
              class="sc-jSUZER kEdNSD"
              src="pizza.png"
            />
          </div>
          <div
            class="sc-eDvSVe cfNigk"
          >
            <img
              class="sc-jSUZER kEdNSD"
              src="obstacle.jpg"
            />
          </div>
          <div
            class="sc-eDvSVe cfNigk"
          >
            <img
              class="sc-jSUZER kEdNSD"
              src="pizza.png"
            />
          </div>
        </div>
        <div
          class="sc-hLBbgP PBcJN"
        >
          <div
            class="sc-eDvSVe cfNigk"
          >
            <img
              class="sc-jSUZER kEdNSD"
              src="pizza.png"
            />
          </div>
          <div
            class="sc-eDvSVe cfNigk"
          >
            <img
              class="sc-jSUZER kEdNSD"
              src="pizza.png"
            />
          </div>
          <div
            class="sc-eDvSVe cfNigk"
          >
            <img
              class="sc-jSUZER kEdNSD"
              src="pizza.png"
            />
          </div>
          <div
            class="sc-eDvSVe cfNigk"
          >
            <img
              class="sc-jSUZER kEdNSD"
              src="pizza.png"
            />
          </div>
          <div
            class="sc-eDvSVe cfNigk"
          >
            <img
              class="sc-jSUZER kEdNSD"
              src="pizza.png"
            />
          </div>
          <div
            class="sc-eDvSVe cfNigk"
          >
            <img
              class="sc-jSUZER kEdNSD"
              src="pizza.png"
            />
          </div>
          <div
            class="sc-eDvSVe cfNigk"
          >
            <img
              class="sc-jSUZER kEdNSD"
              src="pizza.png"
            />
          </div>
          <div
            class="sc-eDvSVe cfNigk"
          >
            <img
              class="sc-jSUZER kEdNSD"
              src="pizza.png"
            />
          </div>
          <div
            class="sc-eDvSVe cfNigk"
          >
            <img
              class="sc-jSUZER kEdNSD"
              src="pizza.png"
            />
          </div>
        </div>
        <div
          class="sc-hLBbgP PBcJN"
        >
          <div
            class="sc-eDvSVe cfNigk"
          >
            <img
              class="sc-jSUZER kEdNSD"
              src="pizza.png"
            />
          </div>
          <div
            class="sc-eDvSVe cfNigk"
          >
            <img
              class="sc-jSUZER kEdNSD"
              src="obstacle.jpg"
            />
          </div>
          <div
            class="sc-eDvSVe cfNigk"
          >
            <img
              class="sc-jSUZER kEdNSD"
              src="pizza.png"
            />
          </div>
          <div
            class="sc-eDvSVe cfNigk"
          >
            <img
              class="sc-jSUZER kEdNSD"
              src="obstacle.jpg"
            />
          </div>
          <div
            class="sc-eDvSVe cfNigk"
          >
            <img
              class="sc-jSUZER kEdNSD"
              src="pizza.png"
            />
          </div>
          <div
            class="sc-eDvSVe cfNigk"
          >
            <img
              class="sc-jSUZER kEdNSD"
              src="obstacle.jpg"
            />
          </div>
          <div
            class="sc-eDvSVe cfNigk"
          >
            <img
              class="sc-jSUZER kEdNSD"
              src="pizza.png"
            />
          </div>
          <div
            class="sc-eDvSVe cfNigk"
          >
            <img
              class="sc-jSUZER kEdNSD"
              src="obstacle.jpg"
            />
          </div>
          <div
            class="sc-eDvSVe cfNigk"
          >
            <img
              class="sc-jSUZER kEdNSD"
              src="pizza.png"
            />
          </div>
        </div>
        <div
          class="sc-hLBbgP PBcJN"
        >
          <div
            class="sc-eDvSVe cfNigk"
          >
            <img
              class="sc-jSUZER kEdNSD"
              src="pizza.png"
            />
          </div>
          <div
            class="sc-eDvSVe cfNigk"
          >
            <img
              class="sc-jSUZER kEdNSD"
              src="pizza.png"
            />
          </div>
          <div
            class="sc-eDvSVe cfNigk"
          >
            <img
              class="sc-jSUZER kEdNSD"
              src="pizza.png"
            />
          </div>
          <div
            class="sc-eDvSVe cfNigk"
          >
            <img
              class="sc-jSUZER kEdNSD"
              src="pizza.png"
            />
          </div>
          <div
            class="sc-eDvSVe cfNigk"
          >
            <img
              class="sc-jSUZER kEdNSD"
              src="pizza.png"
            />
          </div>
          <div
            class="sc-eDvSVe cfNigk"
          >
            <img
              class="sc-jSUZER kEdNSD"
              src="pizza.png"
            />
          </div>
          <div
            class="sc-eDvSVe cfNigk"
          >
            <img
              class="sc-jSUZER kEdNSD"
              src="pizza.png"
            />
          </div>
          <div
            class="sc-eDvSVe cfNigk"
          >
            <img
              class="sc-jSUZER kEdNSD"
              src="pizza.png"
            />
          </div>
          <div
            class="sc-eDvSVe cfNigk"
          >
            <img
              class="sc-jSUZER kEdNSD"
              src="pizza.png"
            />
          </div>
        </div>
      </div>
      <div
        class="sc-gKPRtg jjoEDq"
      >
        <button
          class="sc-iBYQkv ecRZIo"
          data-testid="fn-controls-button-up"
        >
          <div
            class="sc-ftTHYK jJeftt"
          />
        </button>
        <button
          class="sc-iBYQkv ipgrhO"
          data-testid="fn-controls-button-down"
        >
          <div
            class="sc-ftTHYK guqlcN"
          />
        </button>
        <button
          class="sc-iBYQkv jKuQjy"
          data-testid="fn-controls-button-left"
        >
          <div
            class="sc-ftTHYK dqyuwh"
          />
        </button>
        <button
          class="sc-iBYQkv icWkIz"
          data-testid="fn-controls-button-right"
        >
          <div
            class="sc-ftTHYK fBFusx"
          />
        </button>
        <div
          class="sc-jrcTuL kKWJWa"
        >
          <div
            class="sc-pyfCe egBHCm"
            data-testid="fn-controls-bark"
          />
        </div>
      </div>
    </div>
  </div>
</div>
`;

exports[`Model tests render component [TRIAL] 1`] = `
<div>
  <div
    class="sc-bcXHqe gkqtbX"
  >
    <div
      class="sc-hBxehG gsRNjy"
    >
      00 : 30
    </div>
    <div
      class="sc-gswNZR cDelEv"
    >
      <div
        class="sc-dkrFOg hUHXsd"
      >
        <div
          class="sc-hLBbgP PBcJN"
        >
          <div
            class="sc-eDvSVe cfNigk"
          >
            <img
              class="sc-jSUZER kEdNSD"
              src="blank.png"
            />
          </div>
          <div
            class="sc-eDvSVe cfNigk"
          >
            <img
              class="sc-jSUZER kEdNSD"
              src="blank.png"
            />
          </div>
          <div
            class="sc-eDvSVe cfNigk"
          >
            <img
              class="sc-jSUZER kEdNSD"
              src="pizza.png"
            />
          </div>
          <div
            class="sc-eDvSVe cfNigk"
          >
            <img
              class="sc-jSUZER kEdNSD"
              src="blank.png"
            />
          </div>
          <div
            class="sc-eDvSVe cfNigk"
          >
            <img
              class="sc-jSUZER kEdNSD"
              src="blank.png"
            />
          </div>
          <div
            class="sc-eDvSVe cfNigk"
          >
            <img
              class="sc-jSUZER kEdNSD"
              src="pizza.png"
            />
          </div>
          <div
            class="sc-eDvSVe cfNigk"
          >
            <img
              class="sc-jSUZER kEdNSD"
              src="pizza.png"
            />
          </div>
          <div
            class="sc-eDvSVe cfNigk"
          >
            <img
              class="sc-jSUZER kEdNSD"
              src="blank.png"
            />
          </div>
          <div
            class="sc-eDvSVe cfNigk"
          >
            <img
              class="sc-jSUZER kEdNSD"
              src="blank.png"
            />
          </div>
        </div>
        <div
          class="sc-hLBbgP PBcJN"
        >
          <div
            class="sc-eDvSVe cfNigk"
          >
            <img
              class="sc-jSUZER kEdNSD"
              src="blank.png"
            />
          </div>
          <div
            class="sc-eDvSVe cfNigk"
          >
            <img
              class="sc-jSUZER kEdNSD"
              src="pizza.png"
            />
          </div>
          <div
            class="sc-eDvSVe cfNigk"
          >
            <img
              class="sc-jSUZER kEdNSD"
              src="pizza.png"
            />
          </div>
          <div
            class="sc-eDvSVe cfNigk"
          >
            <img
              class="sc-jSUZER kEdNSD"
              src="pizza.png"
            />
          </div>
          <div
            class="sc-eDvSVe cfNigk"
          >
            <img
              class="sc-jSUZER kEdNSD"
              src="pizza.png"
            />
          </div>
          <div
            class="sc-eDvSVe cfNigk"
          >
            <img
              class="sc-jSUZER kEdNSD"
              src="blank.png"
            />
          </div>
          <div
            class="sc-eDvSVe cfNigk"
          >
            <img
              class="sc-jSUZER kEdNSD"
              src="pizza.png"
            />
          </div>
          <div
            class="sc-eDvSVe cfNigk"
          >
            <img
              class="sc-jSUZER kEdNSD"
              src="pizza.png"
            />
          </div>
          <div
            class="sc-eDvSVe cfNigk"
          >
            <img
              class="sc-jSUZER kEdNSD"
              src="pizza.png"
            />
          </div>
        </div>
        <div
          class="sc-hLBbgP PBcJN"
        >
          <div
            class="sc-eDvSVe cfNigk"
          >
            <img
              class="sc-jSUZER kEdNSD"
              src="blank.png"
            />
          </div>
          <div
            class="sc-eDvSVe cfNigk"
          >
            <img
              class="sc-jSUZER kEdNSD"
              src="blank.png"
            />
          </div>
          <div
            class="sc-eDvSVe cfNigk"
          >
            <img
              class="sc-jSUZER kEdNSD"
              src="pizza.png"
            />
          </div>
          <div
            class="sc-eDvSVe cfNigk"
          >
            <img
              class="sc-jSUZER kEdNSD"
              src="pizza.png"
            />
          </div>
          <div
            class="sc-eDvSVe cfNigk"
          >
            <img
              class="sc-jSUZER kEdNSD"
              src="pizza.png"
            />
          </div>
          <div
            class="sc-eDvSVe cfNigk"
          >
            <img
              class="sc-jSUZER kEdNSD"
              src="pizza.png"
            />
          </div>
          <div
            class="sc-eDvSVe cfNigk"
          >
            <img
              class="sc-jSUZER kEdNSD"
              src="pizza.png"
            />
          </div>
          <div
            class="sc-eDvSVe cfNigk"
          >
            <img
              class="sc-jSUZER kEdNSD"
              src="blank.png"
            />
          </div>
          <div
            class="sc-eDvSVe cfNigk"
          >
            <img
              class="sc-jSUZER kEdNSD"
              src="pizza.png"
            />
          </div>
        </div>
        <div
          class="sc-hLBbgP PBcJN"
        >
          <div
            class="sc-eDvSVe cfNigk"
          >
            <img
              class="sc-jSUZER kEdNSD"
              src="pizza.png"
            />
          </div>
          <div
            class="sc-eDvSVe cfNigk"
          >
            <img
              class="sc-jSUZER kEdNSD"
              src="blank.png"
            />
          </div>
          <div
            class="sc-eDvSVe cfNigk"
          >
            <img
              class="sc-jSUZER kEdNSD"
              src="blank.png"
            />
          </div>
          <div
            class="sc-eDvSVe cfNigk"
          >
            <img
              class="sc-jSUZER kEdNSD"
              src="blank.png"
            />
          </div>
          <div
            class="sc-eDvSVe cfNigk"
          >
            <img
              class="sc-jSUZER kEdNSD"
              src="pizza.png"
            />
          </div>
          <div
            class="sc-eDvSVe cfNigk"
          >
            <img
              class="sc-jSUZER kEdNSD"
              src="pizza.png"
            />
          </div>
          <div
            class="sc-eDvSVe cfNigk"
          >
            <img
              class="sc-jSUZER kEdNSD"
              src="pizza.png"
            />
          </div>
          <div
            class="sc-eDvSVe cfNigk"
          >
            <img
              class="sc-jSUZER kEdNSD"
              src="pizza.png"
            />
          </div>
          <div
            class="sc-eDvSVe cfNigk"
          >
            <img
              class="sc-jSUZER kEdNSD"
              src="pizza.png"
            />
          </div>
        </div>
        <div
          class="sc-hLBbgP PBcJN"
        >
          <div
            class="sc-eDvSVe cfNigk"
          >
            <img
              class="sc-jSUZER kEdNSD"
              src="blank.png"
            />
          </div>
          <div
            class="sc-eDvSVe cfNigk"
          >
            <img
              class="sc-jSUZER kEdNSD"
              src="pizza.png"
            />
          </div>
          <div
            class="sc-eDvSVe cfNigk"
          >
            <img
              class="sc-jSUZER kEdNSD"
              src="pizza.png"
            />
          </div>
          <div
            class="sc-eDvSVe cfNigk"
          >
            <img
              class="sc-jSUZER kEdNSD"
              src="blank.png"
            />
          </div>
          <div
            class="sc-eDvSVe cfNigk"
          >
            <img
              class="sc-jSUZER lkfwHo"
              src="duna.jpg"
            />
          </div>
          <div
            class="sc-eDvSVe cfNigk"
          >
            <img
              class="sc-jSUZER kEdNSD"
              src="pizza.png"
            />
          </div>
          <div
            class="sc-eDvSVe cfNigk"
          >
            <img
              class="sc-jSUZER kEdNSD"
              src="blank.png"
            />
          </div>
          <div
            class="sc-eDvSVe cfNigk"
          >
            <img
              class="sc-jSUZER kEdNSD"
              src="pizza.png"
            />
          </div>
          <div
            class="sc-eDvSVe cfNigk"
          >
            <img
              class="sc-jSUZER kEdNSD"
              src="pizza.png"
            />
          </div>
        </div>
        <div
          class="sc-hLBbgP PBcJN"
        >
          <div
            class="sc-eDvSVe cfNigk"
          >
            <img
              class="sc-jSUZER kEdNSD"
              src="pizza.png"
            />
          </div>
          <div
            class="sc-eDvSVe cfNigk"
          >
            <img
              class="sc-jSUZER kEdNSD"
              src="pizza.png"
            />
          </div>
          <div
            class="sc-eDvSVe cfNigk"
          >
            <img
              class="sc-jSUZER kEdNSD"
              src="pizza.png"
            />
          </div>
          <div
            class="sc-eDvSVe cfNigk"
          >
            <img
              class="sc-jSUZER kEdNSD"
              src="pizza.png"
            />
          </div>
          <div
            class="sc-eDvSVe cfNigk"
          >
            <img
              class="sc-jSUZER kEdNSD"
              src="pizza.png"
            />
          </div>
          <div
            class="sc-eDvSVe cfNigk"
          >
            <img
              class="sc-jSUZER kEdNSD"
              src="blank.png"
            />
          </div>
          <div
            class="sc-eDvSVe cfNigk"
          >
            <img
              class="sc-jSUZER kEdNSD"
              src="blank.png"
            />
          </div>
          <div
            class="sc-eDvSVe cfNigk"
          >
            <img
              class="sc-jSUZER kEdNSD"
              src="pizza.png"
            />
          </div>
          <div
            class="sc-eDvSVe cfNigk"
          >
            <img
              class="sc-jSUZER kEdNSD"
              src="pizza.png"
            />
          </div>
        </div>
        <div
          class="sc-hLBbgP PBcJN"
        >
          <div
            class="sc-eDvSVe cfNigk"
          >
            <img
              class="sc-jSUZER kEdNSD"
              src="pizza.png"
            />
          </div>
          <div
            class="sc-eDvSVe cfNigk"
          >
            <img
              class="sc-jSUZER kEdNSD"
              src="pizza.png"
            />
          </div>
          <div
            class="sc-eDvSVe cfNigk"
          >
            <img
              class="sc-jSUZER kEdNSD"
              src="blank.png"
            />
          </div>
          <div
            class="sc-eDvSVe cfNigk"
          >
            <img
              class="sc-jSUZER kEdNSD"
              src="blank.png"
            />
          </div>
          <div
            class="sc-eDvSVe cfNigk"
          >
            <img
              class="sc-jSUZER kEdNSD"
              src="pizza.png"
            />
          </div>
          <div
            class="sc-eDvSVe cfNigk"
          >
            <img
              class="sc-jSUZER kEdNSD"
              src="blank.png"
            />
          </div>
          <div
            class="sc-eDvSVe cfNigk"
          >
            <img
              class="sc-jSUZER kEdNSD"
              src="blank.png"
            />
          </div>
          <div
            class="sc-eDvSVe cfNigk"
          >
            <img
              class="sc-jSUZER kEdNSD"
              src="pizza.png"
            />
          </div>
          <div
            class="sc-eDvSVe cfNigk"
          >
            <img
              class="sc-jSUZER kEdNSD"
              src="pizza.png"
            />
          </div>
        </div>
        <div
          class="sc-hLBbgP PBcJN"
        >
          <div
            class="sc-eDvSVe cfNigk"
          >
            <img
              class="sc-jSUZER kEdNSD"
              src="blank.png"
            />
          </div>
          <div
            class="sc-eDvSVe cfNigk"
          >
            <img
              class="sc-jSUZER kEdNSD"
              src="pizza.png"
            />
          </div>
          <div
            class="sc-eDvSVe cfNigk"
          >
            <img
              class="sc-jSUZER kEdNSD"
              src="blank.png"
            />
          </div>
          <div
            class="sc-eDvSVe cfNigk"
          >
            <img
              class="sc-jSUZER kEdNSD"
              src="blank.png"
            />
          </div>
          <div
            class="sc-eDvSVe cfNigk"
          >
            <img
              class="sc-jSUZER kEdNSD"
              src="blank.png"
            />
          </div>
          <div
            class="sc-eDvSVe cfNigk"
          >
            <img
              class="sc-jSUZER kEdNSD"
              src="pizza.png"
            />
          </div>
          <div
            class="sc-eDvSVe cfNigk"
          >
            <img
              class="sc-jSUZER kEdNSD"
              src="blank.png"
            />
          </div>
          <div
            class="sc-eDvSVe cfNigk"
          >
            <img
              class="sc-jSUZER kEdNSD"
              src="pizza.png"
            />
          </div>
          <div
            class="sc-eDvSVe cfNigk"
          >
            <img
              class="sc-jSUZER kEdNSD"
              src="pizza.png"
            />
          </div>
        </div>
        <div
          class="sc-hLBbgP PBcJN"
        >
          <div
            class="sc-eDvSVe cfNigk"
          >
            <img
              class="sc-jSUZER kEdNSD"
              src="pizza.png"
            />
          </div>
          <div
            class="sc-eDvSVe cfNigk"
          >
            <img
              class="sc-jSUZER kEdNSD"
              src="pizza.png"
            />
          </div>
          <div
            class="sc-eDvSVe cfNigk"
          >
            <img
              class="sc-jSUZER kEdNSD"
              src="blank.png"
            />
          </div>
          <div
            class="sc-eDvSVe cfNigk"
          >
            <img
              class="sc-jSUZER kEdNSD"
              src="pizza.png"
            />
          </div>
          <div
            class="sc-eDvSVe cfNigk"
          >
            <img
              class="sc-jSUZER kEdNSD"
              src="pizza.png"
            />
          </div>
          <div
            class="sc-eDvSVe cfNigk"
          >
            <img
              class="sc-jSUZER kEdNSD"
              src="pizza.png"
            />
          </div>
          <div
            class="sc-eDvSVe cfNigk"
          >
            <img
              class="sc-jSUZER kEdNSD"
              src="pizza.png"
            />
          </div>
          <div
            class="sc-eDvSVe cfNigk"
          >
            <img
              class="sc-jSUZER kEdNSD"
              src="pizza.png"
            />
          </div>
          <div
            class="sc-eDvSVe cfNigk"
          >
            <img
              class="sc-jSUZER kEdNSD"
              src="blank.png"
            />
          </div>
        </div>
      </div>
      <div
        class="sc-gKPRtg jjoEDq"
      >
        <button
          class="sc-iBYQkv ecRZIo"
          data-testid="fn-controls-button-up"
        >
          <div
            class="sc-ftTHYK jJeftt"
          />
        </button>
        <button
          class="sc-iBYQkv ipgrhO"
          data-testid="fn-controls-button-down"
        >
          <div
            class="sc-ftTHYK guqlcN"
          />
        </button>
        <button
          class="sc-iBYQkv jKuQjy"
          data-testid="fn-controls-button-left"
        >
          <div
            class="sc-ftTHYK dqyuwh"
          />
        </button>
        <button
          class="sc-iBYQkv icWkIz"
          data-testid="fn-controls-button-right"
        >
          <div
            class="sc-ftTHYK fBFusx"
          />
        </button>
        <div
          class="sc-jrcTuL kKWJWa"
        >
          <div
            class="sc-pyfCe egBHCm"
            data-testid="fn-controls-bark"
          />
        </div>
      </div>
    </div>
  </div>
</div>
`;

exports[`Model tests render component with difficulty 2 [SEEKER] 1`] = `
<div>
  <div
    class="sc-bcXHqe gkqtbX"
  >
    <div
      class="sc-gswNZR cDelEv"
    >
      <div
        class="sc-dkrFOg hUHXsd"
      >
        <div
          class="sc-hLBbgP PBcJN"
        >
          <div
            class="sc-eDvSVe cfNigk"
          >
            <img
              class="sc-jSUZER kEdNSD"
              src="seeker.jpg"
            />
          </div>
          <div
            class="sc-eDvSVe cfNigk"
          >
            <img
              class="sc-jSUZER kEdNSD"
              src="pizza.png"
            />
          </div>
          <div
            class="sc-eDvSVe cfNigk"
          >
            <img
              class="sc-jSUZER kEdNSD"
              src="pizza.png"
            />
          </div>
          <div
            class="sc-eDvSVe cfNigk"
          >
            <img
              class="sc-jSUZER kEdNSD"
              src="pizza.png"
            />
          </div>
          <div
            class="sc-eDvSVe cfNigk"
          >
            <img
              class="sc-jSUZER kEdNSD"
              src="pizza.png"
            />
          </div>
          <div
            class="sc-eDvSVe cfNigk"
          >
            <img
              class="sc-jSUZER kEdNSD"
              src="pizza.png"
            />
          </div>
          <div
            class="sc-eDvSVe cfNigk"
          >
            <img
              class="sc-jSUZER kEdNSD"
              src="pizza.png"
            />
          </div>
          <div
            class="sc-eDvSVe cfNigk"
          >
            <img
              class="sc-jSUZER kEdNSD"
              src="pizza.png"
            />
          </div>
          <div
            class="sc-eDvSVe cfNigk"
          >
            <img
              class="sc-jSUZER kEdNSD"
              src="pizza.png"
            />
          </div>
        </div>
        <div
          class="sc-hLBbgP PBcJN"
        >
          <div
            class="sc-eDvSVe cfNigk"
          >
            <img
              class="sc-jSUZER kEdNSD"
              src="pizza.png"
            />
          </div>
          <div
            class="sc-eDvSVe cfNigk"
          >
            <img
              class="sc-jSUZER kEdNSD"
              src="obstacle.jpg"
            />
          </div>
          <div
            class="sc-eDvSVe cfNigk"
          >
            <img
              class="sc-jSUZER kEdNSD"
              src="pizza.png"
            />
          </div>
          <div
            class="sc-eDvSVe cfNigk"
          >
            <img
              class="sc-jSUZER kEdNSD"
              src="obstacle.jpg"
            />
          </div>
          <div
            class="sc-eDvSVe cfNigk"
          >
            <img
              class="sc-jSUZER kEdNSD"
              src="pizza.png"
            />
          </div>
          <div
            class="sc-eDvSVe cfNigk"
          >
            <img
              class="sc-jSUZER kEdNSD"
              src="obstacle.jpg"
            />
          </div>
          <div
            class="sc-eDvSVe cfNigk"
          >
            <img
              class="sc-jSUZER kEdNSD"
              src="pizza.png"
            />
          </div>
          <div
            class="sc-eDvSVe cfNigk"
          >
            <img
              class="sc-jSUZER kEdNSD"
              src="obstacle.jpg"
            />
          </div>
          <div
            class="sc-eDvSVe cfNigk"
          >
            <img
              class="sc-jSUZER kEdNSD"
              src="pizza.png"
            />
          </div>
        </div>
        <div
          class="sc-hLBbgP PBcJN"
        >
          <div
            class="sc-eDvSVe cfNigk"
          >
            <img
              class="sc-jSUZER kEdNSD"
              src="pizza.png"
            />
          </div>
          <div
            class="sc-eDvSVe cfNigk"
          >
            <img
              class="sc-jSUZER kEdNSD"
              src="pizza.png"
            />
          </div>
          <div
            class="sc-eDvSVe cfNigk"
          >
            <img
              class="sc-jSUZER kEdNSD"
              src="pizza.png"
            />
          </div>
          <div
            class="sc-eDvSVe cfNigk"
          >
            <img
              class="sc-jSUZER kEdNSD"
              src="pizza.png"
            />
          </div>
          <div
            class="sc-eDvSVe cfNigk"
          >
            <img
              class="sc-jSUZER kEdNSD"
              src="pizza.png"
            />
          </div>
          <div
            class="sc-eDvSVe cfNigk"
          >
            <img
              class="sc-jSUZER kEdNSD"
              src="pizza.png"
            />
          </div>
          <div
            class="sc-eDvSVe cfNigk"
          >
            <img
              class="sc-jSUZER kEdNSD"
              src="pizza.png"
            />
          </div>
          <div
            class="sc-eDvSVe cfNigk"
          >
            <img
              class="sc-jSUZER kEdNSD"
              src="pizza.png"
            />
          </div>
          <div
            class="sc-eDvSVe cfNigk"
          >
            <img
              class="sc-jSUZER kEdNSD"
              src="pizza.png"
            />
          </div>
        </div>
        <div
          class="sc-hLBbgP PBcJN"
        >
          <div
            class="sc-eDvSVe cfNigk"
          >
            <img
              class="sc-jSUZER kEdNSD"
              src="pizza.png"
            />
          </div>
          <div
            class="sc-eDvSVe cfNigk"
          >
            <img
              class="sc-jSUZER kEdNSD"
              src="obstacle.jpg"
            />
          </div>
          <div
            class="sc-eDvSVe cfNigk"
          >
            <img
              class="sc-jSUZER kEdNSD"
              src="pizza.png"
            />
          </div>
          <div
            class="sc-eDvSVe cfNigk"
          >
            <img
              class="sc-jSUZER kEdNSD"
              src="obstacle.jpg"
            />
          </div>
          <div
            class="sc-eDvSVe cfNigk"
          >
            <img
              class="sc-jSUZER kEdNSD"
              src="pizza.png"
            />
          </div>
          <div
            class="sc-eDvSVe cfNigk"
          >
            <img
              class="sc-jSUZER kEdNSD"
              src="obstacle.jpg"
            />
          </div>
          <div
            class="sc-eDvSVe cfNigk"
          >
            <img
              class="sc-jSUZER kEdNSD"
              src="pizza.png"
            />
          </div>
          <div
            class="sc-eDvSVe cfNigk"
          >
            <img
              class="sc-jSUZER kEdNSD"
              src="obstacle.jpg"
            />
          </div>
          <div
            class="sc-eDvSVe cfNigk"
          >
            <img
              class="sc-jSUZER kEdNSD"
              src="pizza.png"
            />
          </div>
        </div>
        <div
          class="sc-hLBbgP PBcJN"
        >
          <div
            class="sc-eDvSVe cfNigk"
          >
            <img
              class="sc-jSUZER kEdNSD"
              src="pizza.png"
            />
          </div>
          <div
            class="sc-eDvSVe cfNigk"
          >
            <img
              class="sc-jSUZER kEdNSD"
              src="pizza.png"
            />
          </div>
          <div
            class="sc-eDvSVe cfNigk"
          >
            <img
              class="sc-jSUZER kEdNSD"
              src="pizza.png"
            />
          </div>
          <div
            class="sc-eDvSVe cfNigk"
          >
            <img
              class="sc-jSUZER kEdNSD"
              src="pizza.png"
            />
          </div>
          <div
            class="sc-eDvSVe cfNigk"
          >
            <img
              class="sc-jSUZER lkfwHo"
              src="duna.jpg"
            />
          </div>
          <div
            class="sc-eDvSVe cfNigk"
          >
            <img
              class="sc-jSUZER kEdNSD"
              src="pizza.png"
            />
          </div>
          <div
            class="sc-eDvSVe cfNigk"
          >
            <img
              class="sc-jSUZER kEdNSD"
              src="pizza.png"
            />
          </div>
          <div
            class="sc-eDvSVe cfNigk"
          >
            <img
              class="sc-jSUZER kEdNSD"
              src="pizza.png"
            />
          </div>
          <div
            class="sc-eDvSVe cfNigk"
          >
            <img
              class="sc-jSUZER kEdNSD"
              src="pizza.png"
            />
          </div>
        </div>
        <div
          class="sc-hLBbgP PBcJN"
        >
          <div
            class="sc-eDvSVe cfNigk"
          >
            <img
              class="sc-jSUZER kEdNSD"
              src="pizza.png"
            />
          </div>
          <div
            class="sc-eDvSVe cfNigk"
          >
            <img
              class="sc-jSUZER kEdNSD"
              src="obstacle.jpg"
            />
          </div>
          <div
            class="sc-eDvSVe cfNigk"
          >
            <img
              class="sc-jSUZER kEdNSD"
              src="pizza.png"
            />
          </div>
          <div
            class="sc-eDvSVe cfNigk"
          >
            <img
              class="sc-jSUZER kEdNSD"
              src="obstacle.jpg"
            />
          </div>
          <div
            class="sc-eDvSVe cfNigk"
          >
            <img
              class="sc-jSUZER kEdNSD"
              src="pizza.png"
            />
          </div>
          <div
            class="sc-eDvSVe cfNigk"
          >
            <img
              class="sc-jSUZER kEdNSD"
              src="obstacle.jpg"
            />
          </div>
          <div
            class="sc-eDvSVe cfNigk"
          >
            <img
              class="sc-jSUZER kEdNSD"
              src="pizza.png"
            />
          </div>
          <div
            class="sc-eDvSVe cfNigk"
          >
            <img
              class="sc-jSUZER kEdNSD"
              src="obstacle.jpg"
            />
          </div>
          <div
            class="sc-eDvSVe cfNigk"
          >
            <img
              class="sc-jSUZER kEdNSD"
              src="pizza.png"
            />
          </div>
        </div>
        <div
          class="sc-hLBbgP PBcJN"
        >
          <div
            class="sc-eDvSVe cfNigk"
          >
            <img
              class="sc-jSUZER kEdNSD"
              src="pizza.png"
            />
          </div>
          <div
            class="sc-eDvSVe cfNigk"
          >
            <img
              class="sc-jSUZER kEdNSD"
              src="pizza.png"
            />
          </div>
          <div
            class="sc-eDvSVe cfNigk"
          >
            <img
              class="sc-jSUZER kEdNSD"
              src="pizza.png"
            />
          </div>
          <div
            class="sc-eDvSVe cfNigk"
          >
            <img
              class="sc-jSUZER kEdNSD"
              src="pizza.png"
            />
          </div>
          <div
            class="sc-eDvSVe cfNigk"
          >
            <img
              class="sc-jSUZER kEdNSD"
              src="pizza.png"
            />
          </div>
          <div
            class="sc-eDvSVe cfNigk"
          >
            <img
              class="sc-jSUZER kEdNSD"
              src="pizza.png"
            />
          </div>
          <div
            class="sc-eDvSVe cfNigk"
          >
            <img
              class="sc-jSUZER kEdNSD"
              src="pizza.png"
            />
          </div>
          <div
            class="sc-eDvSVe cfNigk"
          >
            <img
              class="sc-jSUZER kEdNSD"
              src="pizza.png"
            />
          </div>
          <div
            class="sc-eDvSVe cfNigk"
          >
            <img
              class="sc-jSUZER kEdNSD"
              src="pizza.png"
            />
          </div>
        </div>
        <div
          class="sc-hLBbgP PBcJN"
        >
          <div
            class="sc-eDvSVe cfNigk"
          >
            <img
              class="sc-jSUZER kEdNSD"
              src="pizza.png"
            />
          </div>
          <div
            class="sc-eDvSVe cfNigk"
          >
            <img
              class="sc-jSUZER kEdNSD"
              src="obstacle.jpg"
            />
          </div>
          <div
            class="sc-eDvSVe cfNigk"
          >
            <img
              class="sc-jSUZER kEdNSD"
              src="pizza.png"
            />
          </div>
          <div
            class="sc-eDvSVe cfNigk"
          >
            <img
              class="sc-jSUZER kEdNSD"
              src="obstacle.jpg"
            />
          </div>
          <div
            class="sc-eDvSVe cfNigk"
          >
            <img
              class="sc-jSUZER kEdNSD"
              src="pizza.png"
            />
          </div>
          <div
            class="sc-eDvSVe cfNigk"
          >
            <img
              class="sc-jSUZER kEdNSD"
              src="obstacle.jpg"
            />
          </div>
          <div
            class="sc-eDvSVe cfNigk"
          >
            <img
              class="sc-jSUZER kEdNSD"
              src="pizza.png"
            />
          </div>
          <div
            class="sc-eDvSVe cfNigk"
          >
            <img
              class="sc-jSUZER kEdNSD"
              src="obstacle.jpg"
            />
          </div>
          <div
            class="sc-eDvSVe cfNigk"
          >
            <img
              class="sc-jSUZER kEdNSD"
              src="pizza.png"
            />
          </div>
        </div>
        <div
          class="sc-hLBbgP PBcJN"
        >
          <div
            class="sc-eDvSVe cfNigk"
          >
            <img
              class="sc-jSUZER kEdNSD"
              src="pizza.png"
            />
          </div>
          <div
            class="sc-eDvSVe cfNigk"
          >
            <img
              class="sc-jSUZER kEdNSD"
              src="pizza.png"
            />
          </div>
          <div
            class="sc-eDvSVe cfNigk"
          >
            <img
              class="sc-jSUZER kEdNSD"
              src="pizza.png"
            />
          </div>
          <div
            class="sc-eDvSVe cfNigk"
          >
            <img
              class="sc-jSUZER kEdNSD"
              src="pizza.png"
            />
          </div>
          <div
            class="sc-eDvSVe cfNigk"
          >
            <img
              class="sc-jSUZER kEdNSD"
              src="pizza.png"
            />
          </div>
          <div
            class="sc-eDvSVe cfNigk"
          >
            <img
              class="sc-jSUZER kEdNSD"
              src="pizza.png"
            />
          </div>
          <div
            class="sc-eDvSVe cfNigk"
          >
            <img
              class="sc-jSUZER kEdNSD"
              src="pizza.png"
            />
          </div>
          <div
            class="sc-eDvSVe cfNigk"
          >
            <img
              class="sc-jSUZER kEdNSD"
              src="pizza.png"
            />
          </div>
          <div
            class="sc-eDvSVe cfNigk"
          >
            <img
              class="sc-jSUZER kEdNSD"
              src="pizza.png"
            />
          </div>
        </div>
      </div>
      <div
        class="sc-gKPRtg jjoEDq"
      >
        <button
          class="sc-iBYQkv ecRZIo"
          data-testid="fn-controls-button-up"
        >
          <div
            class="sc-ftTHYK jJeftt"
          />
        </button>
        <button
          class="sc-iBYQkv ipgrhO"
          data-testid="fn-controls-button-down"
        >
          <div
            class="sc-ftTHYK guqlcN"
          />
        </button>
        <button
          class="sc-iBYQkv jKuQjy"
          data-testid="fn-controls-button-left"
        >
          <div
            class="sc-ftTHYK dqyuwh"
          />
        </button>
        <button
          class="sc-iBYQkv icWkIz"
          data-testid="fn-controls-button-right"
        >
          <div
            class="sc-ftTHYK fBFusx"
          />
        </button>
        <div
          class="sc-jrcTuL kKWJWa"
        >
          <div
            class="sc-pyfCe egBHCm"
            data-testid="fn-controls-bark"
          />
        </div>
      </div>
    </div>
  </div>
</div>
`;

exports[`Model tests render component with difficulty 2 [TRIAL] 1`] = `
<div>
  <div
    class="sc-bcXHqe gkqtbX"
  >
    <div
      class="sc-hBxehG gsRNjy"
    >
      00 : 30
    </div>
    <div
      class="sc-gswNZR cDelEv"
    >
      <div
        class="sc-dkrFOg hUHXsd"
      >
        <div
          class="sc-hLBbgP PBcJN"
        >
          <div
            class="sc-eDvSVe cfNigk"
          >
            <img
              class="sc-jSUZER kEdNSD"
              src="blank.png"
            />
          </div>
          <div
            class="sc-eDvSVe cfNigk"
          >
            <img
              class="sc-jSUZER kEdNSD"
              src="pizza.png"
            />
          </div>
          <div
            class="sc-eDvSVe cfNigk"
          >
            <img
              class="sc-jSUZER kEdNSD"
              src="pizza.png"
            />
          </div>
          <div
            class="sc-eDvSVe cfNigk"
          >
            <img
              class="sc-jSUZER kEdNSD"
              src="pizza.png"
            />
          </div>
          <div
            class="sc-eDvSVe cfNigk"
          >
            <img
              class="sc-jSUZER kEdNSD"
              src="blank.png"
            />
          </div>
          <div
            class="sc-eDvSVe cfNigk"
          >
            <img
              class="sc-jSUZER kEdNSD"
              src="pizza.png"
            />
          </div>
          <div
            class="sc-eDvSVe cfNigk"
          >
            <img
              class="sc-jSUZER kEdNSD"
              src="blank.png"
            />
          </div>
          <div
            class="sc-eDvSVe cfNigk"
          >
            <img
              class="sc-jSUZER kEdNSD"
              src="pizza.png"
            />
          </div>
          <div
            class="sc-eDvSVe cfNigk"
          >
            <img
              class="sc-jSUZER kEdNSD"
              src="blank.png"
            />
          </div>
        </div>
        <div
          class="sc-hLBbgP PBcJN"
        >
          <div
            class="sc-eDvSVe cfNigk"
          >
            <img
              class="sc-jSUZER kEdNSD"
              src="pizza.png"
            />
          </div>
          <div
            class="sc-eDvSVe cfNigk"
          >
            <img
              class="sc-jSUZER kEdNSD"
              src="pizza.png"
            />
          </div>
          <div
            class="sc-eDvSVe cfNigk"
          >
            <img
              class="sc-jSUZER kEdNSD"
              src="pizza.png"
            />
          </div>
          <div
            class="sc-eDvSVe cfNigk"
          >
            <img
              class="sc-jSUZER kEdNSD"
              src="pizza.png"
            />
          </div>
          <div
            class="sc-eDvSVe cfNigk"
          >
            <img
              class="sc-jSUZER kEdNSD"
              src="pizza.png"
            />
          </div>
          <div
            class="sc-eDvSVe cfNigk"
          >
            <img
              class="sc-jSUZER kEdNSD"
              src="pizza.png"
            />
          </div>
          <div
            class="sc-eDvSVe cfNigk"
          >
            <img
              class="sc-jSUZER kEdNSD"
              src="pizza.png"
            />
          </div>
          <div
            class="sc-eDvSVe cfNigk"
          >
            <img
              class="sc-jSUZER kEdNSD"
              src="pizza.png"
            />
          </div>
          <div
            class="sc-eDvSVe cfNigk"
          >
            <img
              class="sc-jSUZER kEdNSD"
              src="pizza.png"
            />
          </div>
        </div>
        <div
          class="sc-hLBbgP PBcJN"
        >
          <div
            class="sc-eDvSVe cfNigk"
          >
            <img
              class="sc-jSUZER kEdNSD"
              src="pizza.png"
            />
          </div>
          <div
            class="sc-eDvSVe cfNigk"
          >
            <img
              class="sc-jSUZER kEdNSD"
              src="pizza.png"
            />
          </div>
          <div
            class="sc-eDvSVe cfNigk"
          >
            <img
              class="sc-jSUZER kEdNSD"
              src="pizza.png"
            />
          </div>
          <div
            class="sc-eDvSVe cfNigk"
          >
            <img
              class="sc-jSUZER kEdNSD"
              src="pizza.png"
            />
          </div>
          <div
            class="sc-eDvSVe cfNigk"
          >
            <img
              class="sc-jSUZER kEdNSD"
              src="pizza.png"
            />
          </div>
          <div
            class="sc-eDvSVe cfNigk"
          >
            <img
              class="sc-jSUZER kEdNSD"
              src="pizza.png"
            />
          </div>
          <div
            class="sc-eDvSVe cfNigk"
          >
            <img
              class="sc-jSUZER kEdNSD"
              src="blank.png"
            />
          </div>
          <div
            class="sc-eDvSVe cfNigk"
          >
            <img
              class="sc-jSUZER kEdNSD"
              src="blank.png"
            />
          </div>
          <div
            class="sc-eDvSVe cfNigk"
          >
            <img
              class="sc-jSUZER kEdNSD"
              src="pizza.png"
            />
          </div>
        </div>
        <div
          class="sc-hLBbgP PBcJN"
        >
          <div
            class="sc-eDvSVe cfNigk"
          >
            <img
              class="sc-jSUZER kEdNSD"
              src="pizza.png"
            />
          </div>
          <div
            class="sc-eDvSVe cfNigk"
          >
            <img
              class="sc-jSUZER kEdNSD"
              src="blank.png"
            />
          </div>
          <div
            class="sc-eDvSVe cfNigk"
          >
            <img
              class="sc-jSUZER kEdNSD"
              src="pizza.png"
            />
          </div>
          <div
            class="sc-eDvSVe cfNigk"
          >
            <img
              class="sc-jSUZER kEdNSD"
              src="pizza.png"
            />
          </div>
          <div
            class="sc-eDvSVe cfNigk"
          >
            <img
              class="sc-jSUZER kEdNSD"
              src="pizza.png"
            />
          </div>
          <div
            class="sc-eDvSVe cfNigk"
          >
            <img
              class="sc-jSUZER kEdNSD"
              src="blank.png"
            />
          </div>
          <div
            class="sc-eDvSVe cfNigk"
          >
            <img
              class="sc-jSUZER kEdNSD"
              src="blank.png"
            />
          </div>
          <div
            class="sc-eDvSVe cfNigk"
          >
            <img
              class="sc-jSUZER kEdNSD"
              src="pizza.png"
            />
          </div>
          <div
            class="sc-eDvSVe cfNigk"
          >
            <img
              class="sc-jSUZER kEdNSD"
              src="blank.png"
            />
          </div>
        </div>
        <div
          class="sc-hLBbgP PBcJN"
        >
          <div
            class="sc-eDvSVe cfNigk"
          >
            <img
              class="sc-jSUZER kEdNSD"
              src="pizza.png"
            />
          </div>
          <div
            class="sc-eDvSVe cfNigk"
          >
            <img
              class="sc-jSUZER kEdNSD"
              src="obstacle.jpg"
            />
          </div>
          <div
            class="sc-eDvSVe cfNigk"
          >
            <img
              class="sc-jSUZER kEdNSD"
              src="obstacle.jpg"
            />
          </div>
          <div
            class="sc-eDvSVe cfNigk"
          >
            <img
              class="sc-jSUZER kEdNSD"
              src="obstacle.jpg"
            />
          </div>
          <div
            class="sc-eDvSVe cfNigk"
          >
            <img
              class="sc-jSUZER lkfwHo"
              src="duna.jpg"
            />
          </div>
          <div
            class="sc-eDvSVe cfNigk"
          >
            <img
              class="sc-jSUZER kEdNSD"
              src="blank.png"
            />
          </div>
          <div
            class="sc-eDvSVe cfNigk"
          >
            <img
              class="sc-jSUZER kEdNSD"
              src="pizza.png"
            />
          </div>
          <div
            class="sc-eDvSVe cfNigk"
          >
            <img
              class="sc-jSUZER kEdNSD"
              src="blank.png"
            />
          </div>
          <div
            class="sc-eDvSVe cfNigk"
          >
            <img
              class="sc-jSUZER kEdNSD"
              src="pizza.png"
            />
          </div>
        </div>
        <div
          class="sc-hLBbgP PBcJN"
        >
          <div
            class="sc-eDvSVe cfNigk"
          >
            <img
              class="sc-jSUZER kEdNSD"
              src="pizza.png"
            />
          </div>
          <div
            class="sc-eDvSVe cfNigk"
          >
            <img
              class="sc-jSUZER kEdNSD"
              src="blank.png"
            />
          </div>
          <div
            class="sc-eDvSVe cfNigk"
          >
            <img
              class="sc-jSUZER kEdNSD"
              src="blank.png"
            />
          </div>
          <div
            class="sc-eDvSVe cfNigk"
          >
            <img
              class="sc-jSUZER kEdNSD"
              src="blank.png"
            />
          </div>
          <div
            class="sc-eDvSVe cfNigk"
          >
            <img
              class="sc-jSUZER kEdNSD"
              src="pizza.png"
            />
          </div>
          <div
            class="sc-eDvSVe cfNigk"
          >
            <img
              class="sc-jSUZER kEdNSD"
              src="pizza.png"
            />
          </div>
          <div
            class="sc-eDvSVe cfNigk"
          >
            <img
              class="sc-jSUZER kEdNSD"
              src="pizza.png"
            />
          </div>
          <div
            class="sc-eDvSVe cfNigk"
          >
            <img
              class="sc-jSUZER kEdNSD"
              src="pizza.png"
            />
          </div>
          <div
            class="sc-eDvSVe cfNigk"
          >
            <img
              class="sc-jSUZER kEdNSD"
              src="pizza.png"
            />
          </div>
        </div>
        <div
          class="sc-hLBbgP PBcJN"
        >
          <div
            class="sc-eDvSVe cfNigk"
          >
            <img
              class="sc-jSUZER kEdNSD"
              src="pizza.png"
            />
          </div>
          <div
            class="sc-eDvSVe cfNigk"
          >
            <img
              class="sc-jSUZER kEdNSD"
              src="pizza.png"
            />
          </div>
          <div
            class="sc-eDvSVe cfNigk"
          >
            <img
              class="sc-jSUZER kEdNSD"
              src="pizza.png"
            />
          </div>
          <div
            class="sc-eDvSVe cfNigk"
          >
            <img
              class="sc-jSUZER kEdNSD"
              src="obstacle.jpg"
            />
          </div>
          <div
            class="sc-eDvSVe cfNigk"
          >
            <img
              class="sc-jSUZER kEdNSD"
              src="blank.png"
            />
          </div>
          <div
            class="sc-eDvSVe cfNigk"
          >
            <img
              class="sc-jSUZER kEdNSD"
              src="blank.png"
            />
          </div>
          <div
            class="sc-eDvSVe cfNigk"
          >
            <img
              class="sc-jSUZER kEdNSD"
              src="obstacle.jpg"
            />
          </div>
          <div
            class="sc-eDvSVe cfNigk"
          >
            <img
              class="sc-jSUZER kEdNSD"
              src="blank.png"
            />
          </div>
          <div
            class="sc-eDvSVe cfNigk"
          >
            <img
              class="sc-jSUZER kEdNSD"
              src="pizza.png"
            />
          </div>
        </div>
        <div
          class="sc-hLBbgP PBcJN"
        >
          <div
            class="sc-eDvSVe cfNigk"
          >
            <img
              class="sc-jSUZER kEdNSD"
              src="obstacle.jpg"
            />
          </div>
          <div
            class="sc-eDvSVe cfNigk"
          >
            <img
              class="sc-jSUZER kEdNSD"
              src="obstacle.jpg"
            />
          </div>
          <div
            class="sc-eDvSVe cfNigk"
          >
            <img
              class="sc-jSUZER kEdNSD"
              src="obstacle.jpg"
            />
          </div>
          <div
            class="sc-eDvSVe cfNigk"
          >
            <img
              class="sc-jSUZER kEdNSD"
              src="pizza.png"
            />
          </div>
          <div
            class="sc-eDvSVe cfNigk"
          >
            <img
              class="sc-jSUZER kEdNSD"
              src="pizza.png"
            />
          </div>
          <div
            class="sc-eDvSVe cfNigk"
          >
            <img
              class="sc-jSUZER kEdNSD"
              src="pizza.png"
            />
          </div>
          <div
            class="sc-eDvSVe cfNigk"
          >
            <img
              class="sc-jSUZER kEdNSD"
              src="blank.png"
            />
          </div>
          <div
            class="sc-eDvSVe cfNigk"
          >
            <img
              class="sc-jSUZER kEdNSD"
              src="pizza.png"
            />
          </div>
          <div
            class="sc-eDvSVe cfNigk"
          >
            <img
              class="sc-jSUZER kEdNSD"
              src="pizza.png"
            />
          </div>
        </div>
        <div
          class="sc-hLBbgP PBcJN"
        >
          <div
            class="sc-eDvSVe cfNigk"
          >
            <img
              class="sc-jSUZER kEdNSD"
              src="blank.png"
            />
          </div>
          <div
            class="sc-eDvSVe cfNigk"
          >
            <img
              class="sc-jSUZER kEdNSD"
              src="pizza.png"
            />
          </div>
          <div
            class="sc-eDvSVe cfNigk"
          >
            <img
              class="sc-jSUZER kEdNSD"
              src="blank.png"
            />
          </div>
          <div
            class="sc-eDvSVe cfNigk"
          >
            <img
              class="sc-jSUZER kEdNSD"
              src="pizza.png"
            />
          </div>
          <div
            class="sc-eDvSVe cfNigk"
          >
            <img
              class="sc-jSUZER kEdNSD"
              src="blank.png"
            />
          </div>
          <div
            class="sc-eDvSVe cfNigk"
          >
            <img
              class="sc-jSUZER kEdNSD"
              src="pizza.png"
            />
          </div>
          <div
            class="sc-eDvSVe cfNigk"
          >
            <img
              class="sc-jSUZER kEdNSD"
              src="pizza.png"
            />
          </div>
          <div
            class="sc-eDvSVe cfNigk"
          >
            <img
              class="sc-jSUZER kEdNSD"
              src="pizza.png"
            />
          </div>
          <div
            class="sc-eDvSVe cfNigk"
          >
            <img
              class="sc-jSUZER kEdNSD"
              src="pizza.png"
            />
          </div>
        </div>
      </div>
      <div
        class="sc-gKPRtg jjoEDq"
      >
        <button
          class="sc-iBYQkv ecRZIo"
          data-testid="fn-controls-button-up"
        >
          <div
            class="sc-ftTHYK jJeftt"
          />
        </button>
        <button
          class="sc-iBYQkv ipgrhO"
          data-testid="fn-controls-button-down"
        >
          <div
            class="sc-ftTHYK guqlcN"
          />
        </button>
        <button
          class="sc-iBYQkv jKuQjy"
          data-testid="fn-controls-button-left"
          disabled=""
        >
          <div
            class="sc-ftTHYK dqyuwh"
          />
        </button>
        <button
          class="sc-iBYQkv icWkIz"
          data-testid="fn-controls-button-right"
        >
          <div
            class="sc-ftTHYK fBFusx"
          />
        </button>
        <div
          class="sc-jrcTuL kKWJWa"
        >
          <div
            class="sc-pyfCe egBHCm"
            data-testid="fn-controls-bark"
          />
        </div>
      </div>
    </div>
  </div>
</div>
`;
