// Jest Snapshot v1, https://goo.gl/fbAQLP

exports[`Controller tests handleBark function has been called when center button is clicked 1`] = `
<div>
  <div
    class="sc-bcXHqe gzQsTO"
  >
    <button
      class="sc-gswNZR eKcjBW"
      data-testid="fn-controls-button-up"
    >
      <div
        class="sc-dkrFOg eOGSWW"
      />
    </button>
    <button
      class="sc-gswNZR dvMeFY"
      data-testid="fn-controls-button-down"
    >
      <div
        class="sc-dkrFOg iMLtWa"
      />
    </button>
    <button
      class="sc-gswNZR dZEoHc"
      data-testid="fn-controls-button-left"
    >
      <div
        class="sc-dkrFOg etZoki"
      />
    </button>
    <button
      class="sc-gswNZR lkPqEd"
      data-testid="fn-controls-button-right"
    >
      <div
        class="sc-dkrFOg kjDmxe"
      />
    </button>
    <div
      class="sc-eDvSVe dTHyfn"
    >
      <div
        class="sc-hLBbgP kmMqap"
        data-testid="fn-controls-bark"
      />
    </div>
  </div>
</div>
`;

exports[`Controller tests render component 1`] = `
<div>
  <div
    class="sc-bcXHqe gzQsTO"
  >
    <button
      class="sc-gswNZR eKcjBW"
      data-testid="fn-controls-button-up"
    >
      <div
        class="sc-dkrFOg eOGSWW"
      />
    </button>
    <button
      class="sc-gswNZR dvMeFY"
      data-testid="fn-controls-button-down"
    >
      <div
        class="sc-dkrFOg iMLtWa"
      />
    </button>
    <button
      class="sc-gswNZR dZEoHc"
      data-testid="fn-controls-button-left"
    >
      <div
        class="sc-dkrFOg etZoki"
      />
    </button>
    <button
      class="sc-gswNZR lkPqEd"
      data-testid="fn-controls-button-right"
    >
      <div
        class="sc-dkrFOg kjDmxe"
      />
    </button>
    <div
      class="sc-eDvSVe dTHyfn"
    >
      <div
        class="sc-hLBbgP kmMqap"
        data-testid="fn-controls-bark"
      />
    </div>
  </div>
</div>
`;
